# avtz: 30 points, 0 done
R= 2.700  HF= -2.1000  MP2= -3.8577  CCSD= -3.5134  CCSD(T)= -3.8470  170s
R= 2.750  HF= -2.6453  MP2= -4.2398  CCSD= -3.9371  CCSD(T)= -4.2456  165s
R= 2.768  HF= -2.8075  MP2= -4.3459  CCSD= -4.0571  CCSD(T)= -4.3568  164s
R= 2.788  HF= -2.9660  MP2= -4.4447  CCSD= -4.1706  CCSD(T)= -4.4608  167s
R= 2.800  HF= -3.0504  MP2= -4.4950  CCSD= -4.2292  CCSD(T)= -4.5138  167s
R= 2.808  HF= -3.1054  MP2= -4.5265  CCSD= -4.2664  CCSD(T)= -4.5472  166s
R= 2.828  HF= -3.2272  MP2= -4.5928  CCSD= -4.3460  CCSD(T)= -4.6177  168s
R= 2.848  HF= -3.3330  MP2= -4.6450  CCSD= -4.4107  CCSD(T)= -4.6735  168s
R= 2.850  HF= -3.3417  MP2= -4.6490  CCSD= -4.4159  CCSD(T)= -4.6779  164s
R= 2.868  HF= -3.4239  MP2= -4.6842  CCSD= -4.4620  CCSD(T)= -4.7161  166s
R= 2.888  HF= -3.5013  MP2= -4.7118  CCSD= -4.5009  CCSD(T)= -4.7465  170s
R= 2.900  HF= -3.5411  MP2= -4.7230  CCSD= -4.5186  CCSD(T)= -4.7593  153s
R= 2.908  HF= -3.5663  MP2= -4.7287  CCSD= -4.5287  CCSD(T)= -4.7660  141s
R= 2.928  HF= -3.6199  MP2= -4.7361  CCSD= -4.5463  CCSD(T)= -4.7755  141s
R= 2.948  HF= -3.6631  MP2= -4.7346  CCSD= -4.5546  CCSD(T)= -4.7759  140s
R= 2.950  HF= -3.6665  MP2= -4.7341  CCSD= -4.5549  CCSD(T)= -4.7755  140s
R= 2.968  HF= -3.6968  MP2= -4.7254  CCSD= -4.5545  CCSD(T)= -4.7682  140s
R= 2.988  HF= -3.7218  MP2= -4.7090  CCSD= -4.5468  CCSD(T)= -4.7531  140s
R= 3.000  HF= -3.7328  MP2= -4.6963  CCSD= -4.5391  CCSD(T)= -4.7410  140s
R= 3.008  HF= -3.7389  MP2= -4.6862  CCSD= -4.5323  CCSD(T)= -4.7313  139s
R= 3.028  HF= -3.7487  MP2= -4.6577  CCSD= -4.5116  CCSD(T)= -4.7036  140s
R= 3.048  HF= -3.7520  MP2= -4.6240  CCSD= -4.4854  CCSD(T)= -4.6705  140s
R= 3.050  HF= -3.7520  MP2= -4.6208  CCSD= -4.4827  CCSD(T)= -4.6673  140s
R= 3.068  HF= -3.7493  MP2= -4.5858  CCSD= -4.4541  CCSD(T)= -4.6326  141s
R= 3.088  HF= -3.7412  MP2= -4.5435  CCSD= -4.4184  CCSD(T)= -4.5905  141s
R= 3.100  HF= -3.7340  MP2= -4.5168  CCSD= -4.3955  CCSD(T)= -4.5638  140s
R= 3.150  HF= -3.6871  MP2= -4.3918  CCSD= -4.2850  CCSD(T)= -4.4383  144s
R= 3.200  HF= -3.6180  MP2= -4.2517  CCSD= -4.1575  CCSD(T)= -4.2969  144s
R= 3.250  HF= -3.5321  MP2= -4.1014  CCSD= -4.0182  CCSD(T)= -4.1448  143s
R= 3.300  HF= -3.4339  MP2= -3.9449  CCSD= -3.8712  CCSD(T)= -3.9859  144s
# CP-corrected total-curvature benchmark: avtz (aug-cc-pvtz, frozen core)

30 points, fit window +-0.16 A, degree 4.  omega with mu = m(H2O)/2.

| level | R_min A | E_int kcal/mol | k kcal/mol/A^2 | k N/m | omega(H2O) cm-1 | omega(D2O) | cubic kcal/mol/A^3 |
|---|---:|---:|---:|---:|---:|---:|---:|
| HF | 3.0487 | -3.752 | 14.868 | 10.33 | 139.5 | 132.3 | -73.66 |
| MP2 | 2.9346 | -4.737 | 21.091 | 14.65 | 166.2 | 157.6 | -108.99 |
| CCSD | 2.9578 | -4.556 | 19.948 | 13.86 | 161.6 | 153.3 | -101.81 |
| CCSD(T) | 2.9391 | -4.777 | 21.388 | 14.86 | 167.4 | 158.7 | -109.80 |

| R A | E_int HF | E_int MP2 | E_int CCSD | E_int CCSD(T) |
|---:|---:|---:|---:|---:|
| 2.700 | -2.1000 | -3.8577 | -3.5134 | -3.8470 |
| 2.750 | -2.6453 | -4.2398 | -3.9371 | -4.2456 |
| 2.768 | -2.8075 | -4.3459 | -4.0571 | -4.3568 |
| 2.788 | -2.9660 | -4.4447 | -4.1706 | -4.4608 |
| 2.800 | -3.0504 | -4.4950 | -4.2292 | -4.5138 |
| 2.808 | -3.1054 | -4.5265 | -4.2664 | -4.5472 |
| 2.828 | -3.2272 | -4.5928 | -4.3460 | -4.6177 |
| 2.848 | -3.3330 | -4.6450 | -4.4107 | -4.6735 |
| 2.850 | -3.3417 | -4.6490 | -4.4159 | -4.6779 |
| 2.868 | -3.4239 | -4.6842 | -4.4620 | -4.7161 |
| 2.888 | -3.5013 | -4.7118 | -4.5009 | -4.7465 |
| 2.900 | -3.5411 | -4.7230 | -4.5186 | -4.7593 |
| 2.908 | -3.5663 | -4.7287 | -4.5287 | -4.7660 |
| 2.928 | -3.6199 | -4.7361 | -4.5463 | -4.7755 |
| 2.948 | -3.6631 | -4.7346 | -4.5546 | -4.7759 |
| 2.950 | -3.6665 | -4.7341 | -4.5549 | -4.7755 |
| 2.968 | -3.6968 | -4.7254 | -4.5545 | -4.7682 |
| 2.988 | -3.7218 | -4.7090 | -4.5468 | -4.7531 |
| 3.000 | -3.7328 | -4.6963 | -4.5391 | -4.7410 |
| 3.008 | -3.7389 | -4.6862 | -4.5323 | -4.7313 |
| 3.028 | -3.7487 | -4.6577 | -4.5116 | -4.7036 |
| 3.048 | -3.7520 | -4.6240 | -4.4854 | -4.6705 |
| 3.050 | -3.7520 | -4.6208 | -4.4827 | -4.6673 |
| 3.068 | -3.7493 | -4.5858 | -4.4541 | -4.6326 |
| 3.088 | -3.7412 | -4.5435 | -4.4184 | -4.5905 |
| 3.100 | -3.7340 | -4.5168 | -4.3955 | -4.5638 |
| 3.150 | -3.6871 | -4.3918 | -4.2850 | -4.4383 |
| 3.200 | -3.6180 | -4.2517 | -4.1575 | -4.2969 |
| 3.250 | -3.5321 | -4.1014 | -4.0182 | -4.1448 |
| 3.300 | -3.4339 | -3.9449 | -3.8712 | -3.9859 |

# wrote /home/flyingchow/hbond-stretch-eda/results/ccsdt_avtz.md
