# avqz: 9 points, 0 done
R= 2.800  HF= -3.0883  MP2= -4.7026  CCSD= -4.4334  CCSD(T)= -4.7359  1887s
R= 2.840  HF= -3.3296  MP2= -4.8186  CCSD= -4.5758  CCSD(T)= -4.8588  1876s
R= 2.880  HF= -3.5087  MP2= -4.8815  CCSD= -4.6626  CCSD(T)= -4.9268  1873s
R= 2.920  HF= -3.6356  MP2= -4.9006  CCSD= -4.7032  CCSD(T)= -4.9497  1875s
R= 2.928  HF= -3.6559  MP2= -4.8998  CCSD= -4.7065  CCSD(T)= -4.9495  1870s
R= 2.960  HF= -3.7186  MP2= -4.8837  CCSD= -4.7057  CCSD(T)= -4.9353  1887s
R= 3.000  HF= -3.7649  MP2= -4.8375  CCSD= -4.6770  CCSD(T)= -4.8907  1880s
R= 3.040  HF= -3.7809  MP2= -4.7679  CCSD= -4.6230  CCSD(T)= -4.8217  1882s
R= 3.080  HF= -3.7718  MP2= -4.6796  CCSD= -4.5488  CCSD(T)= -4.7334  1911s
# CP-corrected total-curvature benchmark: avqz (aug-cc-pvqz, frozen core)

9 points, fit window +-0.16 A, degree 4.  omega with mu = m(H2O)/2.

| level | R_min A | E_int kcal/mol | k kcal/mol/A^2 | k N/m | omega(H2O) cm-1 | omega(D2O) | cubic kcal/mol/A^3 |
|---|---:|---:|---:|---:|---:|---:|---:|
| HF | 3.0442 | -3.781 | 15.310 | 10.64 | 141.6 | 134.3 | -74.60 |
| MP2 | 2.9198 | -4.901 | 22.437 | 15.59 | 171.4 | 162.6 | -115.52 |
| CCSD | 2.9425 | -4.709 | 21.220 | 14.74 | 166.7 | 158.1 | -108.77 |
| CCSD(T) | 2.9232 | -4.950 | 22.824 | 15.86 | 172.9 | 164.0 | -117.03 |

| R A | E_int HF | E_int MP2 | E_int CCSD | E_int CCSD(T) |
|---:|---:|---:|---:|---:|
| 2.800 | -3.0883 | -4.7026 | -4.4334 | -4.7359 |
| 2.840 | -3.3296 | -4.8186 | -4.5758 | -4.8588 |
| 2.880 | -3.5087 | -4.8815 | -4.6626 | -4.9268 |
| 2.920 | -3.6356 | -4.9006 | -4.7032 | -4.9497 |
| 2.928 | -3.6559 | -4.8998 | -4.7065 | -4.9495 |
| 2.960 | -3.7186 | -4.8837 | -4.7057 | -4.9353 |
| 3.000 | -3.7649 | -4.8375 | -4.6770 | -4.8907 |
| 3.040 | -3.7809 | -4.7679 | -4.6230 | -4.8217 |
| 3.080 | -3.7718 | -4.6796 | -4.5488 | -4.7334 |

# wrote /home/flyingchow/hbond-stretch-eda/results/ccsdt_avqz.md
