#"Step","Time (ps)","Potential Energy (kJ/mole)","Temperature (K)","Density (g/mL)"
500,1.0000000000000007,-6120.266381182193,268.73227738800244,0.9544668504748219
1000,2.0000000000000013,-6189.5234075377675,314.8098269919406,0.9910634131025771
1500,2.999999999999891,-6115.854780729309,283.3443129546747,1.045137645993104
2000,3.999999999999781,-6158.205073727913,309.85538240647054,1.03715486135434
2500,4.999999999999671,-6110.613119821923,284.97682034852255,1.038116728331898
3000,5.999999999999561,-6139.045648757838,331.7956466348787,1.057043925198235
3500,6.999999999999451,-6021.900547698715,303.76823398946453,1.073420718776909
4000,7.999999999999341,-6111.574134271731,303.4491055431034,1.0807192319990293
4500,8.999999999999675,-6117.408981271872,307.7971638505549,1.0595992380213874
5000,10.000000000000009,-6049.398477541054,339.8363809086025,1.0270698194441708
5500,11.000000000000343,-6106.409396388631,313.6666848079891,1.0535450077615343
6000,12.000000000000677,-6108.507585416518,310.2972711033844,1.0560830481968617
6500,13.00000000000101,-6053.791591813619,300.9253356644472,1.113876467686697
7000,14.000000000001345,-6162.600508910826,322.2362569998996,1.077063517789619
7500,15.000000000001679,-6057.8994745957,330.2290010723451,1.0254248326946127
8000,16.00000000000201,-6071.192888030393,325.24104616565023,1.0192842864622813
8500,17.000000000001457,-6109.477004122894,316.0917850426843,1.0282512494428915
9000,18.000000000000902,-6072.433356942003,304.51026975503464,1.0311007045212912
9500,19.000000000000348,-6031.4877905196845,281.3412120848948,1.037916895564335
10000,19.999999999999794,-6062.955258530686,302.7647740188255,1.0199619583657509
10500,20.99999999999924,-6046.015403087165,297.18061571466035,1.0369660158503844
11000,21.999999999998685,-6124.586484154372,305.8623177982611,1.0652464052974955
11500,22.99999999999813,-6106.875635601613,290.97719324328284,1.0342361370925788
12000,23.999999999997577,-6182.201437658203,288.99745570281846,1.047429142535031
12500,24.999999999997023,-6191.04827872913,297.8114859349927,1.0540175005048777
13000,25.99999999999647,-6105.3609451614,285.9739789906458,1.0188757625001144
13500,26.999999999995914,-6206.159364767122,316.5297021240032,1.023557366301507
14000,27.99999999999536,-6233.26015101093,313.6504366055637,1.0737399711189084
14500,28.999999999994806,-6166.34043335231,278.22120673689926,1.0388043847560102
15000,29.99999999999425,-6105.025378805902,293.8755029380778,1.0553129523879645
15500,30.999999999993697,-6123.9281936160305,277.41761118338246,1.037618872191511
16000,31.999999999993143,-6198.0972217748385,300.69554138273725,1.0442426982429547
16500,32.999999999994365,-6210.293116481071,293.0638162752096,1.0587469069762487
17000,33.99999999999559,-6153.692522940936,288.1154501338253,1.01500018784032
17500,34.99999999999681,-6168.964392076517,304.1972190681505,1.0392222728516773
18000,35.99999999999803,-6116.913768871687,303.1953038803047,1.0460636538438735
18500,36.999999999999254,-6283.01571371179,314.9328997231292,1.034678998339258
19000,38.000000000000476,-6237.278094931385,319.7910301922758,1.0567922531790603
19500,39.0000000000017,-6239.793718802484,298.17077429746314,1.0243806321435478
20000,40.00000000000292,-6239.620659640162,299.81238424649314,1.023753155603441
20500,41.00000000000414,-6227.63954027478,285.7837258346827,1.0284944667541942
21000,42.000000000005365,-6208.405013711696,283.7490979490201,1.0334086455090543
21500,43.00000000000659,-6156.211318219546,284.56606383507466,1.0253164908943049
22000,44.00000000000781,-6229.720016956576,291.4318195952583,1.024634282918961
22500,45.00000000000903,-6238.065027521011,296.91439053622463,1.0144649569915976
23000,46.00000000001025,-6202.720662621178,312.18956244770516,0.9960602330610099
23500,47.000000000011475,-6181.919774058706,287.0372909994513,0.9894171702427198
24000,48.0000000000127,-6088.640474379616,295.07090048310897,1.0374581751982384
24500,49.00000000001392,-6061.791358514655,269.5382520985254,1.0330857324864542
25000,50.00000000001514,-6188.529048081005,300.0687627614766,1.0557013824696022
25500,51.000000000016364,-6245.302245798147,294.09986022958367,1.0413636121072303
26000,52.000000000017586,-6023.8889712526825,294.3926102153243,1.0235246740091732
26500,53.00000000001881,-6148.0426286405545,311.94325406107254,1.0436544163266006
27000,54.00000000002003,-6157.046165838934,295.7115769521588,1.0344259078541975
27500,55.00000000002125,-6231.627592742023,287.2502186090032,1.0126106850604726
28000,56.000000000022474,-6147.253931477643,305.5659289528069,1.003758428961398
28500,57.0000000000237,-6267.168946134574,307.7103881113263,1.0424278930386934
29000,58.00000000002492,-6148.522644252453,304.71282726345925,1.0375789315131227
29500,59.00000000002614,-6159.635486201488,295.822259842433,0.989778127985769
30000,60.00000000002736,-6116.17332559043,286.28701631094833,1.0141051824522986
30500,61.000000000028585,-6207.906056970237,311.51134532116987,0.9882918715296738
31000,62.00000000002981,-6071.644097580195,313.19165117459374,1.0119097399648482
31500,63.00000000003103,-5985.65511759478,287.972031669729,0.9800372516188124
32000,64.00000000003224,-6073.862503637622,291.843210849332,1.0179936323197192
32500,65.00000000002991,-6212.229947406923,321.42491622421113,1.0246964802367637
33000,66.00000000002758,-6142.302742132281,292.6278258900514,1.008274993488436
33500,67.00000000002525,-6104.6237362538,312.3857774484017,1.0057857880656986
34000,68.00000000002292,-6008.9638291981,310.9254607811786,0.952510633398115
34500,69.00000000002059,-6082.814899656324,290.27243896821,0.97460045211835
35000,70.00000000001826,-6171.432491576724,281.6811390560305,0.9951483208158696
35500,71.00000000001593,-6109.620469437757,307.42179602216896,1.0046779820924323
36000,72.0000000000136,-6159.258676255572,302.3394388692527,1.0044371496015847
36500,73.00000000001127,-6074.337674890369,266.79470747514233,0.9692479620930314
37000,74.00000000000894,-6137.365690298619,304.6260092774945,0.9728065911625795
37500,75.00000000000661,-6124.4636359904825,331.9181110228363,1.0059206590887624
38000,76.00000000000428,-6065.415201227918,282.2053853873431,1.0034169776494597
38500,77.00000000000195,-6195.763626795563,311.3938680189072,1.0184929581456772
39000,77.99999999999962,-6120.385719087355,305.04302982255786,1.009528241426661
39500,78.99999999999729,-6158.400838258695,311.86983374380964,1.0598738313095832
40000,79.99999999999496,-6165.530462581687,283.8316436433518,1.0504564198082522
40500,80.99999999999262,-6201.512949861429,318.715034139018,1.025485730395247
41000,81.9999999999903,-6032.409010266126,317.4704161842324,0.9954616043160961
41500,82.99999999998796,-6076.897827870626,330.04469283985816,1.0366349264681123
42000,83.99999999998563,-6125.034688146177,313.37854609917196,1.0241342606168236
42500,84.9999999999833,-6118.255002486488,291.1778205414252,1.0101098961678767
43000,85.99999999998097,-6051.114013294982,310.93403752155064,1.0263471150305752
43500,86.99999999997864,-6100.232175624026,281.19451785058106,0.988805988152354
44000,87.99999999997631,-6027.627412622462,273.26369258683474,0.9961213748351948
44500,88.99999999997398,-6054.161044411942,292.84077066666373,1.0355350714712634
45000,89.99999999997165,-5958.96259840295,302.84995745186103,1.0203645432009347
45500,90.99999999996932,-6174.855244445292,334.15978243113375,1.0499207516791536
46000,91.99999999996699,-6170.1494537611525,273.675578999591,1.0435696673394714
46500,92.99999999996466,-6203.690413200162,275.0963213441653,1.0259487385199242
47000,93.99999999996233,-6086.383667230788,288.40754071678896,0.9961979706117192
47500,94.99999999996,-6161.746819030018,312.42446621485055,1.0036091631707624
48000,95.99999999995767,-6198.537203532633,311.3049704565113,1.007708812600389
48500,96.99999999995534,-6201.921549547555,285.0389481034829,1.0490643200876948
49000,97.999999999953,-6266.613190078433,298.9269350589935,1.0464469639056986
49500,98.99999999995067,-6218.612900521692,324.27581171274136,1.0789721809124015
50000,99.99999999994834,-6215.887902531303,304.58755529103445,1.0451286790834604
