#"Step","Time (ps)","Potential Energy (kJ/mole)","Temperature (K)","Density (g/mL)"
500,1.0000000000000007,-5592.145847768008,269.0632772760879,1.0354540749300927
1000,2.0000000000000013,-5365.498692062724,279.0796496023276,1.0115079482273086
1500,2.999999999999891,-5347.121166132344,311.8349643620812,1.0242803960098237
2000,3.999999999999781,-5390.647502187567,346.6108639013565,1.0392847967746608
2500,4.999999999999671,-5394.946613791592,293.09612486882156,1.028074827470247
3000,5.999999999999561,-5531.4916772918195,312.10904745006417,1.006820788740365
3500,6.999999999999451,-5394.598332779844,317.1242223689893,0.9937495367701535
4000,7.999999999999341,-5403.619848631142,317.81776104213696,0.9975147477553744
4500,8.999999999999675,-5447.26630268187,280.5568374808596,1.0080934030911595
5000,10.000000000000009,-5588.847181111963,285.68129376734595,1.0048387956434588
5500,11.000000000000343,-5613.94091220389,287.60875417313866,0.9784264122012818
6000,12.000000000000677,-5565.2774138871,295.76149345195853,0.9970749382948639
6500,13.00000000000101,-5563.983864141664,286.2305969509067,0.967214190895104
7000,14.000000000001345,-5486.61754872342,311.5778842262877,0.944610706227582
7500,15.000000000001679,-5461.534884240041,300.97525194114445,0.9626631633172688
8000,16.00000000000201,-5330.926188557817,288.69460491322064,0.9493690759228657
8500,17.000000000001457,-5397.052067234739,313.85604546225653,0.998504197277411
9000,18.000000000000902,-5431.393136901458,321.4433690777381,1.0256109525963146
9500,19.000000000000348,-5496.789318717344,316.5347927725207,1.0118723740265732
10000,19.999999999999794,-5447.378039255319,309.24892184230697,1.0179356994359614
10500,20.99999999999924,-5339.571398673453,297.05715559801024,0.985904460310743
11000,21.999999999998685,-5388.937774063955,289.2687174792862,1.0076143045445407
11500,22.99999999999813,-5372.538810373577,304.4457375606456,0.9757002828412118
12000,23.999999999997577,-5516.334014175857,300.7844110661213,1.0185878221296354
12500,24.999999999997023,-5398.512629304746,292.7419204735425,1.0236298085128421
13000,25.99999999999647,-5360.361721090827,296.87768097563253,1.0503838407317687
13500,26.999999999995914,-5319.292797761353,288.62656048372173,0.9882480329205147
14000,27.99999999999536,-5319.841074355196,294.84902915135757,0.994981963683095
14500,28.999999999994806,-5458.545743825254,297.85299747326985,1.006428051670945
15000,29.99999999999425,-5472.155587144619,283.5961374268525,0.9843716393140182
15500,30.999999999993697,-5465.295145102954,294.6761106188281,1.0168705854669735
16000,31.999999999993143,-5511.107224909214,296.7489642442747,1.0290627422252976
16500,32.999999999994365,-5396.087304624847,309.75678092792896,0.9917842040327761
17000,33.99999999999559,-5329.57156706617,310.99483274864474,0.991768185299408
17500,34.99999999999681,-5432.837162976663,282.9253751261723,0.9958927885769956
18000,35.99999999999803,-5426.001760312384,304.9589942191108,0.9883187074376062
18500,36.999999999999254,-5375.517184085969,298.79092518026357,1.0010669422090916
19000,38.000000000000476,-5306.453223593224,307.76145408891097,0.9907704436198338
19500,39.0000000000017,-5351.804735155268,282.3431392654087,0.9978841385800393
20000,40.00000000000292,-5534.1127273123075,291.4828524649876,1.0296478749565288
20500,41.00000000000414,-5484.385043333666,294.578797101363,1.004931404729267
21000,42.000000000005365,-5382.9347038304295,294.70392557252165,1.059381881758003
21500,43.00000000000659,-5417.589658000483,307.3738249034822,1.0186954354519495
22000,44.00000000000781,-5426.015095120577,290.64440517484434,1.0023276341927736
22500,45.00000000000903,-5440.677437173968,298.78836427115397,0.982995755308512
23000,46.00000000001025,-5465.949634531116,297.91086123201796,0.9814403326215162
23500,47.000000000011475,-5436.4436634190715,291.79082836069557,0.9710633642560534
24000,48.0000000000127,-5488.130485982345,311.1143022245404,0.9628111948843732
24500,49.00000000001392,-5425.31069969352,283.4669792087643,0.9860537559396763
25000,50.00000000001514,-5439.837854855696,303.36249837789063,1.001855580170553
25500,51.000000000016364,-5411.378330385573,300.4490472005062,1.0095087814842965
26000,52.000000000017586,-5555.98631030673,290.9727158962073,1.0207269477326633
26500,53.00000000001881,-5461.81057601689,276.72841200858636,0.9853730370372968
27000,54.00000000002003,-5406.851564865501,277.33698604009305,0.9808383439165023
27500,55.00000000002125,-5484.753712145653,304.0572938403949,0.962522096912935
28000,56.000000000022474,-5551.5045158673975,300.34044932746014,0.9716093839672634
28500,57.0000000000237,-5535.815013187442,291.6180560306744,0.9784827192734908
29000,58.00000000002492,-5571.315373293615,274.5770737805238,0.9922968179066051
29500,59.00000000002614,-5626.773212810809,302.16103629951726,1.0075919526255008
30000,60.00000000002736,-5611.235328793172,298.9412374765682,1.0167691500284275
30500,61.000000000028585,-5538.229046162971,294.25209317283134,0.995887343195996
31000,62.00000000002981,-5485.150532511844,295.80212712156714,1.0123444022592674
31500,63.00000000003103,-5466.107182461077,273.04895173134514,1.0303212103232227
32000,64.00000000003224,-5463.378018587414,297.4360349585252,1.0045908177083345
32500,65.00000000002991,-5400.562230075208,286.3025612555603,0.9702312016838489
33000,66.00000000002758,-5454.290603133282,287.2578952379942,0.991275217577883
33500,67.00000000002525,-5381.238799578432,315.3993363599871,0.9979974353793926
34000,68.00000000002292,-5383.998321355092,324.38086145785,0.9681392749901848
34500,69.00000000002059,-5370.250597697726,283.9017116027563,0.9659912723322136
35000,70.00000000001826,-5413.72635708169,308.77480861337,0.9781267187735524
35500,71.00000000001593,-5410.447266105619,269.88337554424436,1.0019289380416425
36000,72.0000000000136,-5379.966512630191,278.1512445205408,1.0253136949175015
36500,73.00000000001127,-5448.654309064176,275.6016404639052,1.0790964694592944
37000,74.00000000000894,-5420.307382750854,282.1387672274204,1.0289695419694336
37500,75.00000000000661,-5451.765688423315,304.54553575062516,1.0364389838772983
38000,76.00000000000428,-5406.208849471203,293.17882839170693,1.0225422379442057
38500,77.00000000000195,-5330.181771575997,281.63103203569057,0.9917711583764625
39000,77.99999999999962,-5468.705437937741,325.2480072623981,1.0150217607166885
39500,78.99999999999729,-5364.662952221482,315.5789411353627,1.0017862286147534
40000,79.99999999999496,-5294.115241577453,309.1794699158778,1.0148917532148733
40500,80.99999999999262,-5388.6216820798145,328.76059715878694,1.026144040075761
41000,81.9999999999903,-5366.7904897796,313.69821029342467,1.0235721209914936
41500,82.99999999998796,-5381.337803882151,292.2381928477431,1.0167362244626614
42000,83.99999999998563,-5405.271675661496,310.69331316422483,1.0105315317349284
42500,84.9999999999833,-5370.477726827133,309.2350716645483,1.0142817292260327
43000,85.99999999998097,-5481.121514997067,317.8162158671951,1.0220652333231115
43500,86.99999999997864,-5442.10260644725,286.9997561459263,0.994082757238102
44000,87.99999999997631,-5491.5716443498295,299.41287357988796,1.0281379646928606
44500,88.99999999997398,-5404.79403856117,292.26353535779054,0.9970897413058126
45000,89.99999999997165,-5438.571388991235,295.8284601945287,0.9583342979289692
45500,90.99999999996932,-5381.623635477759,316.3143863540106,0.9758715634033643
46000,91.99999999996699,-5399.469645028623,290.32525607580016,0.9505726664905962
46500,92.99999999996466,-5428.987304633679,281.658081329724,0.9714103600711932
47000,93.99999999996233,-5488.974127736137,279.71785677105095,0.9907496933632038
47500,94.99999999996,-5402.410375012448,298.5974105281836,1.0184368595009756
48000,95.99999999995767,-5502.833304281106,311.0236347473794,1.0130536967107278
48500,96.99999999995534,-5398.713518770998,284.7905725965499,0.9847559109225358
49000,97.999999999953,-5498.997745262122,298.85579376744465,0.98912034404284
49500,98.99999999995067,-5496.990923847321,301.4080232523512,0.9898720492856496
50000,99.99999999994834,-5440.1467889422765,292.9012418840355,1.0181068421640362
