#"Step","Time (ps)","Potential Energy (kJ/mole)","Temperature (K)","Density (g/mL)"
500,1.0000000000000007,-5835.995468820297,274.2881034047331,0.9350917250689463
1000,2.0000000000000013,-5713.618738083162,296.57455616737354,0.9510374367174628
1500,2.999999999999891,-5708.548477054024,280.71599728443476,0.9873129767157882
2000,3.999999999999781,-5793.771946165428,321.8657280311047,1.0073142663227677
2500,4.999999999999671,-5960.7427703768235,299.3997172344954,0.9858241484719793
3000,5.999999999999561,-5866.488373809966,306.926710982704,0.991648985432155
3500,6.999999999999451,-5746.543513578431,295.5059576097892,0.9677520359730708
4000,7.999999999999341,-5776.667316534255,286.2630544389331,0.994661811826351
4500,8.999999999999675,-5917.608041013615,311.6274544242774,0.98561028388128
5000,10.000000000000009,-5761.722888638296,304.25194619000297,0.997951658183595
5500,11.000000000000343,-5839.383827826811,318.42018436137005,0.9912368277598105
6000,12.000000000000677,-5764.149352806858,295.08998422435525,1.0121819697589847
6500,13.00000000000101,-5768.455181564641,281.3883887940101,1.0095168527461071
7000,14.000000000001345,-5740.122348251952,274.0145564535561,1.0206076768702619
7500,15.000000000001679,-5815.328116818084,317.6258801640872,1.0113093506695465
8000,16.00000000000201,-5836.730825828088,304.5063673684304,1.0197187088062267
8500,17.000000000001457,-5946.2992510160475,299.89862147162137,1.030936627420468
9000,18.000000000000902,-5837.703929459417,295.33921029396464,1.0245320359150603
9500,19.000000000000348,-5887.129059671778,296.2499508562547,0.9887566527205259
10000,19.999999999999794,-5834.251612836545,270.926137106674,0.9915201035624341
10500,20.99999999999924,-5825.922136874169,290.8415509601876,1.0096332751975956
11000,21.999999999998685,-5742.044349586971,278.0075099063135,1.0112017212052729
11500,22.99999999999813,-5951.080846034533,299.2329502260238,1.0273605645449702
12000,23.999999999997577,-5934.683973892442,287.7160392223884,1.0484599376059662
12500,24.999999999997023,-5862.706419742127,296.6366131357867,1.0467061744345054
13000,25.99999999999647,-5774.438380492116,276.59198850026326,1.0323790275797686
13500,26.999999999995914,-5701.940035402263,293.1826979363591,1.0257464956072122
14000,27.99999999999536,-5772.890597951805,346.880680194033,0.9983508434660575
14500,28.999999999994806,-5715.994586618686,305.9902957703523,1.0059927600833265
15000,29.99999999999425,-5754.579128200429,302.93653752911393,0.9910127510487374
15500,30.999999999993697,-5809.899503140504,305.9962924902413,1.0065872535677727
16000,31.999999999993143,-5770.004703323756,312.8257763014918,0.970694506257401
16500,32.999999999994365,-5801.17856952527,328.1103206584225,0.9778116931662133
17000,33.99999999999559,-5829.719319032164,305.27139677049354,0.9981774419743067
17500,34.99999999999681,-5807.867210505647,308.8659444430185,0.9831192617415678
18000,35.99999999999803,-5841.221610272184,329.4163603499611,1.0092465442264023
18500,36.999999999999254,-5734.716078181985,292.16843333818593,1.0002466651744901
19000,38.000000000000476,-5759.057355074177,290.47019331856666,0.9792701353675827
19500,39.0000000000017,-5775.795128515446,293.88860670225125,0.9918250701499733
20000,40.00000000000292,-5699.287821976772,308.31288450303333,0.98212549601947
20500,41.00000000000414,-5823.6793294311265,303.50974504456275,0.9999784155921719
21000,42.000000000005365,-5801.462387097907,302.5946331583999,0.9771195841143628
21500,43.00000000000659,-5772.647990196934,313.88006177429907,0.998739541954766
22000,44.00000000000781,-5876.88431188843,326.84784016316235,0.9882273118473072
22500,45.00000000000903,-5879.991595220938,265.1993727673172,0.9844581000617164
23000,46.00000000001025,-5914.718770037711,331.95630784100206,0.985853597012773
23500,47.000000000011475,-5785.31683720959,310.7828000152574,1.0148388187196868
24000,48.0000000000127,-5724.179240230655,306.33187130689674,1.0040010433527276
24500,49.00000000001392,-5772.623003164969,297.1699357362147,0.9691538222248255
25000,50.00000000001514,-5834.497311979783,309.1162526162088,0.9963787448453608
25500,51.000000000016364,-5771.187778546029,276.66015993938476,0.9508802228635995
26000,52.000000000017586,-5888.415087076522,298.10157532887433,0.976855556697867
26500,53.00000000001881,-5771.981396201625,292.2986780318944,0.9903625069159195
27000,54.00000000002003,-5854.148286375015,311.06253230354747,0.9865290139135025
27500,55.00000000002125,-5889.638810904652,300.2796052915725,1.0148220260262175
28000,56.000000000022474,-5825.413220359911,315.0372823667914,0.986393578038042
28500,57.0000000000237,-5726.330479028274,299.7603043198091,1.0033661205966937
29000,58.00000000002492,-5727.449486859608,299.2111841041626,1.0182426878372879
29500,59.00000000002614,-5768.38771398479,312.4481193756269,0.9865588148971735
30000,60.00000000002736,-5783.535554096345,265.2151451067143,1.0084754739174593
30500,61.000000000028585,-5907.509018588129,294.8828286254527,1.0112171109084473
31000,62.00000000002981,-5893.605517085848,285.33230685164483,1.0068718379433845
31500,63.00000000003103,-5896.055030410062,283.75195179967346,0.9981820022250663
32000,64.00000000003224,-5795.818253820075,294.12715609237284,0.9930721187010305
32500,65.00000000002991,-5864.677871699085,292.16642506461613,0.9926699755970102
33000,66.00000000002758,-5977.230739736118,315.18791750163274,1.0300784357474093
33500,67.00000000002525,-5839.206536485677,280.9761077380251,1.0305523095049565
34000,68.00000000002292,-5875.0390878731705,308.8210069684028,1.0242134971953167
34500,69.00000000002059,-5843.659261144641,315.6816811936534,1.0047572393586006
35000,70.00000000001826,-5833.542209224052,289.87353834650014,0.9968745521434611
35500,71.00000000001593,-5913.992898084507,300.3337736103877,0.9969770889898726
36000,72.0000000000136,-5748.3485139793,287.5263305616264,0.9521224501347522
36500,73.00000000001127,-5826.17980268608,301.5388371840172,0.9637300772590994
37000,74.00000000000894,-5875.684278026243,303.4113235962821,1.0022299025584176
37500,75.00000000000661,-5761.793011814007,287.10609123323616,0.9720447383080465
38000,76.00000000000428,-5899.196094161201,307.57548285231155,0.9923991958140271
38500,77.00000000000195,-5892.636424021691,290.17085526534674,1.0020890360934482
39000,77.99999999999962,-5858.494458050376,299.8611679278798,0.9876811532384026
39500,78.99999999999729,-5882.303423390316,309.65059980010955,0.9737556148454074
40000,79.99999999999496,-5733.0737625453585,303.01698533179956,0.9612207909004209
40500,80.99999999999262,-5769.525531220072,318.29824943889076,0.9602839075423815
41000,81.9999999999903,-5887.802920769598,294.8504307982476,1.0053556911744301
41500,82.99999999998796,-5777.112822120446,292.05672689095434,1.0023606680829935
42000,83.99999999998563,-5902.124559265923,290.94784089354476,0.986257820420188
42500,84.9999999999833,-5828.347793034986,270.9749028750228,0.9689546468072163
43000,85.99999999998097,-5877.753112871947,299.092233503666,0.9815945148938153
43500,86.99999999997864,-5841.128790746116,283.9728551245449,1.004331228337322
44000,87.99999999997631,-5866.385998348308,279.1660765790372,0.9841246386145227
44500,88.99999999997398,-5786.122163867809,294.24302087689597,0.9862614249980335
45000,89.99999999997165,-5748.560834405739,299.15827801332074,0.9627853908015704
45500,90.99999999996932,-5826.00086804718,276.1402519448101,0.961239854501475
46000,91.99999999996699,-5836.302162688532,316.2383242647401,0.9668188666812191
46500,92.99999999996466,-5814.680345459942,322.6096057323965,0.969731748445031
47000,93.99999999996233,-5714.385874828056,315.64135018029214,0.9759497368035549
47500,94.99999999996,-5742.421315918056,301.90880864813556,0.9912357948323455
48000,95.99999999995767,-5805.297810767564,310.2474678840514,0.9864094903031587
48500,96.99999999995534,-5864.931483014145,287.57005878947734,0.9893863136307485
49000,97.999999999953,-5778.058775987562,321.83649889936925,0.9399343401880222
49500,98.99999999995067,-5731.137994126803,283.96594517936114,0.9656045881025453
50000,99.99999999994834,-5668.605173252213,262.90921029470854,0.9743922503083412
