# acid: 16 atoms, charge 1, guess written to /mnt/c/Users/HUAWEI/Desktop/hbond-stretch-eda/geometries/cluster_acid_guess.xyz
# initial H-bonds:
#   O0-H1...O4  R=2.550  angle=180.0
#   O0-H2...O7  R=2.550  angle=180.0
#   O0-H3...O10  R=2.550  angle=180.0
#   O4-H5...O13  R=2.750  angle=180.0
# minimum non-HH interatomic distance: 0.965 A
# def2-svp: E=-382.07565788 Eh after 47 steps, fmax=0.0241 eV/A, 1295 s
# def2-tzvp: E=-382.55142383 Eh after 239 steps, fmax=0.0049 eV/A, 11475 s
# final H-bonds:
#   O0-H1...O4  R=2.462  r(OH)=1.0548  angle=175.8
#   O0-H2...O7  R=2.587  r(OH)=1.0028  angle=176.0
#   O0-H3...O10  R=2.583  r(OH)=1.0039  angle=176.6
#   O4-H5...O13  R=2.668  r(OH)=0.9867  angle=176.6
{
  "acid": {
    "R_OO": 2.668437419769301,
    "r_OH_bonded": 0.986722515163221,
    "angle_OHO": 176.59444569667937
  }
}
# wrote /mnt/c/Users/HUAWEI/Desktop/hbond-stretch-eda/geometries/cluster_acid_revpbe0-d3bj_tzvp.xyz
