# revpbe0-d3bj_tzvp_oh+0.005: 18 points, 0 already done
R= 2.800  Total=  -4.7839  Elec= -11.0155  ExRep=  12.0047  OrbRel=  -3.9556  CorrDisp=  -1.8174  CT(Mull)=+0.0332  CT(IAO)=+0.0622  closure=1.2e-13  19.9s
R= 2.820  Total=  -4.8714  Elec= -10.6042  ExRep=  11.1877  OrbRel=  -3.7024  CorrDisp=  -1.7525  CT(Mull)=+0.0322  CT(IAO)=+0.0599  closure=4.9e-13  23.6s
R= 2.840  Total=  -4.9440  Elec= -10.2130  ExRep=  10.4257  OrbRel=  -3.4664  CorrDisp=  -1.6903  CT(Mull)=+0.0312  CT(IAO)=+0.0577  closure=3.6e-13  9.5s
R= 2.860  Total=  -5.0029  Elec=  -9.8408  ExRep=   9.7150  OrbRel=  -3.2464  CorrDisp=  -1.6306  CT(Mull)=+0.0302  CT(IAO)=+0.0555  closure=-9.9e-13  9.3s
R= 2.880  Total=  -5.0493  Elec=  -9.4867  ExRep=   9.0522  OrbRel=  -3.0414  CorrDisp=  -1.5734  CT(Mull)=+0.0293  CT(IAO)=+0.0535  closure=-5.1e-13  8.7s
R= 2.900  Total=  -5.0842  Elec=  -9.1494  ExRep=   8.4341  OrbRel=  -2.8504  CorrDisp=  -1.5185  CT(Mull)=+0.0285  CT(IAO)=+0.0515  closure=-1.4e-12  7.6s
R= 2.920  Total=  -5.1086  Elec=  -8.8282  ExRep=   7.8577  OrbRel=  -2.6723  CorrDisp=  -1.4659  CT(Mull)=+0.0277  CT(IAO)=+0.0496  closure=-7.6e-14  7.8s
R= 2.940  Total=  -5.1234  Elec=  -8.5221  ExRep=   7.3203  OrbRel=  -2.5062  CorrDisp=  -1.4153  CT(Mull)=+0.0270  CT(IAO)=+0.0477  closure=7.1e-13  9.0s
R= 2.960  Total=  -5.1294  Elec=  -8.2302  ExRep=   6.8191  OrbRel=  -2.3515  CorrDisp=  -1.3668  CT(Mull)=+0.0263  CT(IAO)=+0.0459  closure=4.7e-13  8.5s
R= 2.980  Total=  -5.1273  Elec=  -7.9518  ExRep=   6.3519  OrbRel=  -2.2072  CorrDisp=  -1.3202  CT(Mull)=+0.0256  CT(IAO)=+0.0442  closure=-1.6e-13  7.5s
R= 3.000  Total=  -5.1180  Elec=  -7.6861  ExRep=   5.9163  OrbRel=  -2.0726  CorrDisp=  -1.2755  CT(Mull)=+0.0250  CT(IAO)=+0.0426  closure=5.4e-13  7.5s
R= 3.020  Total=  -5.1020  Elec=  -7.4325  ExRep=   5.5102  OrbRel=  -1.9472  CorrDisp=  -1.2325  CT(Mull)=+0.0244  CT(IAO)=+0.0409  closure=1.3e-12  9.0s
R= 3.040  Total=  -5.0799  Elec=  -7.1903  ExRep=   5.1317  OrbRel=  -1.8302  CorrDisp=  -1.1911  CT(Mull)=+0.0238  CT(IAO)=+0.0394  closure=-1.1e-13  7.7s
R= 3.060  Total=  -5.0524  Elec=  -6.9588  ExRep=   4.7788  OrbRel=  -1.7211  CorrDisp=  -1.1513  CT(Mull)=+0.0233  CT(IAO)=+0.0379  closure=-2.9e-13  7.8s
R= 3.080  Total=  -5.0199  Elec=  -6.7376  ExRep=   4.4500  OrbRel=  -1.6194  CorrDisp=  -1.1130  CT(Mull)=+0.0227  CT(IAO)=+0.0365  closure=-3.3e-13  8.0s
R= 3.100  Total=  -4.9830  Elec=  -6.5259  ExRep=   4.1435  OrbRel=  -1.5245  CorrDisp=  -1.0761  CT(Mull)=+0.0222  CT(IAO)=+0.0351  closure=-4.4e-13  9.4s
R= 3.120  Total=  -4.9420  Elec=  -6.3235  ExRep=   3.8580  OrbRel=  -1.4359  CorrDisp=  -1.0405  CT(Mull)=+0.0217  CT(IAO)=+0.0337  closure=-6.2e-13  7.9s
R= 3.140  Total=  -4.8973  Elec=  -6.1296  ExRep=   3.5919  OrbRel=  -1.3533  CorrDisp=  -1.0062  CT(Mull)=+0.0212  CT(IAO)=+0.0324  closure=-1.1e-12  7.2s
# wrote /mnt/c/Users/HUAWEI/Desktop/hbond-stretch-eda/results/scan_revpbe0-d3bj_tzvp_oh+0.005.json
# Force-constant partition: revpbe0-d3bj_tzvp_oh+0.005

R_min = 2.9646 Å, E_int = -5.130 kcal/mol, k_total = 19.630 kcal/mol/Å² = 13.64 N/m, ω(H2O) = 160.3 cm⁻¹, ω(D2O) = 152.1 cm⁻¹ (mass effect only)

| component | X(R_min) kcal/mol | dX/dR kcal/mol/Å | k_X kcal/mol/Å² | k_X / k_total | cubic kcal/mol/Å³ |
|---|---:|---:|---:|---:|---:|
| Total | -5.130 | -0.001 | 19.630 | +1.000 | -92.45 |
| Elec | -8.165 | 14.096 | -33.253 | -1.694 | 95.38 |
| Exch | -8.982 | 28.040 | -86.773 | -4.420 | 269.85 |
| Rep | 15.692 | -51.842 | 170.181 | +8.669 | -562.80 |
| ExRep | 6.710 | -23.802 | 83.408 | +4.249 | -292.94 |
| OrbRel | -2.318 | 7.351 | -25.770 | -1.313 | 93.15 |
| Corr | -0.571 | 1.705 | -4.656 | -0.237 | 12.62 |
| Disp | -0.785 | 0.650 | -0.097 | -0.005 | -0.65 |
| CorrDisp | -1.356 | 2.355 | -4.754 | -0.242 | 11.97 |
| Steric | 5.354 | -21.447 | 78.654 | +4.007 | -280.97 |

Sum of primary slopes at R_min (should be ~0): -0.0006 kcal/mol/Å
Sum of primary k minus k_total (closure): 1.88e-07 kcal/mol/Å²
Electrons lost by the acceptor (acceptor → donor CT) at R_min: Mulliken {'value_e': 0.02613089857864475, 'slope_e_per_A': -0.03362958611172683}, IAO {'value_e': 0.045540798938784426, 'slope_e_per_A': -0.08707734552747265}
Max |closure| over scan: 1.41e-12 Eh
# figure: /mnt/c/Users/HUAWEI/Desktop/hbond-stretch-eda/figures/fc_revpbe0-d3bj_tzvp_oh+0.005.png
# revpbe0-d3bj_tzvp_oh+0.010: 18 points, 0 already done
R= 2.800  Total=  -4.8299  Elec= -11.1362  ExRep=  12.2118  OrbRel=  -4.0576  CorrDisp=  -1.8479  CT(Mull)=+0.0339  CT(IAO)=+0.0631  closure=4.4e-13  7.4s
R= 2.820  Total=  -4.9170  Elec= -10.7193  ExRep=  11.3817  OrbRel=  -3.7975  CorrDisp=  -1.7819  CT(Mull)=+0.0328  CT(IAO)=+0.0608  closure=9.8e-13  9.1s
R= 2.840  Total=  -4.9892  Elec= -10.3230  ExRep=  10.6074  OrbRel=  -3.5551  CorrDisp=  -1.7186  CT(Mull)=+0.0318  CT(IAO)=+0.0585  closure=-4.0e-13  7.2s
R= 2.860  Total=  -5.0477  Elec=  -9.9459  ExRep=   9.8852  OrbRel=  -3.3292  CorrDisp=  -1.6578  CT(Mull)=+0.0308  CT(IAO)=+0.0564  closure=3.4e-13  8.1s
R= 2.880  Total=  -5.0936  Elec=  -9.5870  ExRep=   9.2116  OrbRel=  -3.1187  CorrDisp=  -1.5995  CT(Mull)=+0.0299  CT(IAO)=+0.0543  closure=6.5e-13  7.5s
R= 2.900  Total=  -5.1280  Elec=  -9.2454  ExRep=   8.5834  OrbRel=  -2.9224  CorrDisp=  -1.5436  CT(Mull)=+0.0290  CT(IAO)=+0.0523  closure=-6.1e-13  8.6s
R= 2.920  Total=  -5.1519  Elec=  -8.9199  ExRep=   7.9975  OrbRel=  -2.7395  CorrDisp=  -1.4899  CT(Mull)=+0.0282  CT(IAO)=+0.0503  closure=1.9e-14  7.5s
R= 2.940  Total=  -5.1661  Elec=  -8.6098  ExRep=   7.4511  OrbRel=  -2.5690  CorrDisp=  -1.4384  CT(Mull)=+0.0275  CT(IAO)=+0.0484  closure=6.2e-14  7.8s
R= 2.960  Total=  -5.1715  Elec=  -8.3141  ExRep=   6.9415  OrbRel=  -2.4100  CorrDisp=  -1.3889  CT(Mull)=+0.0267  CT(IAO)=+0.0466  closure=6.3e-13  8.1s
R= 2.980  Total=  -5.1689  Elec=  -8.0321  ExRep=   6.4665  OrbRel=  -2.2618  CorrDisp=  -1.3414  CT(Mull)=+0.0261  CT(IAO)=+0.0449  closure=-2.8e-13  7.5s
R= 3.000  Total=  -5.1590  Elec=  -7.7631  ExRep=   6.0235  OrbRel=  -2.1236  CorrDisp=  -1.2958  CT(Mull)=+0.0254  CT(IAO)=+0.0432  closure=2.4e-13  7.3s
R= 3.020  Total=  -5.1423  Elec=  -7.5062  ExRep=   5.6105  OrbRel=  -1.9948  CorrDisp=  -1.2519  CT(Mull)=+0.0248  CT(IAO)=+0.0415  closure=1.9e-13  9.4s
R= 3.040  Total=  -5.1197  Elec=  -7.2609  ExRep=   5.2255  OrbRel=  -1.8746  CorrDisp=  -1.2096  CT(Mull)=+0.0242  CT(IAO)=+0.0400  closure=1.9e-13  8.5s
R= 3.060  Total=  -5.0915  Elec=  -7.0265  ExRep=   4.8666  OrbRel=  -1.7626  CorrDisp=  -1.1690  CT(Mull)=+0.0236  CT(IAO)=+0.0385  closure=-6.9e-13  7.4s
R= 3.080  Total=  -5.0584  Elec=  -6.8024  ExRep=   4.5321  OrbRel=  -1.6581  CorrDisp=  -1.1299  CT(Mull)=+0.0230  CT(IAO)=+0.0370  closure=2.4e-12  7.1s
R= 3.100  Total=  -5.0208  Elec=  -6.5882  ExRep=   4.2203  OrbRel=  -1.5607  CorrDisp=  -1.0922  CT(Mull)=+0.0225  CT(IAO)=+0.0356  closure=6.3e-13  8.2s
R= 3.120  Total=  -4.9791  Elec=  -6.3832  ExRep=   3.9297  OrbRel=  -1.4698  CorrDisp=  -1.0559  CT(Mull)=+0.0220  CT(IAO)=+0.0342  closure=-4.6e-13  9.1s
R= 3.140  Total=  -4.9339  Elec=  -6.1869  ExRep=   3.6590  OrbRel=  -1.3850  CorrDisp=  -1.0209  CT(Mull)=+0.0215  CT(IAO)=+0.0329  closure=-4.3e-13  7.8s
# wrote /mnt/c/Users/HUAWEI/Desktop/hbond-stretch-eda/results/scan_revpbe0-d3bj_tzvp_oh+0.010.json
# Force-constant partition: revpbe0-d3bj_tzvp_oh+0.010

R_min = 2.9631 Å, E_int = -5.172 kcal/mol, k_total = 19.806 kcal/mol/Å² = 13.76 N/m, ω(H2O) = 161.0 cm⁻¹, ω(D2O) = 152.7 cm⁻¹ (mass effect only)

| component | X(R_min) kcal/mol | dX/dR kcal/mol/Å | k_X kcal/mol/Å² | k_X / k_total | cubic kcal/mol/Å³ |
|---|---:|---:|---:|---:|---:|
| Total | -5.172 | -0.001 | 19.806 | +1.000 | -93.33 |
| Elec | -8.270 | 14.329 | -33.870 | -1.710 | 97.16 |
| Exch | -9.181 | 28.617 | -88.421 | -4.464 | 274.36 |
| Rep | 16.047 | -52.945 | 173.554 | +8.763 | -572.84 |
| ExRep | 6.866 | -24.328 | 85.133 | +4.298 | -298.48 |
| OrbRel | -2.386 | 7.589 | -26.617 | -1.344 | 96.11 |
| Corr | -0.595 | 1.760 | -4.745 | -0.240 | 12.53 |
| Disp | -0.787 | 0.649 | -0.096 | -0.005 | -0.65 |
| CorrDisp | -1.381 | 2.409 | -4.841 | -0.244 | 11.88 |
| Steric | 5.485 | -21.919 | 80.292 | +4.054 | -286.60 |

Sum of primary slopes at R_min (should be ~0): -0.0006 kcal/mol/Å
Sum of primary k minus k_total (closure): -9.28e-08 kcal/mol/Å²
Electrons lost by the acceptor (acceptor → donor CT) at R_min: Mulliken {'value_e': 0.026626088818547427, 'slope_e_per_A': -0.034949299263090886}, IAO {'value_e': 0.0463481998313427, 'slope_e_per_A': -0.0886786186690676}
Max |closure| over scan: 2.38e-12 Eh
# figure: /mnt/c/Users/HUAWEI/Desktop/hbond-stretch-eda/figures/fc_revpbe0-d3bj_tzvp_oh+0.010.png
# revpbe0-d3bj_tzvp_oh+0.020: 18 points, 0 already done
R= 2.800  Total=  -4.9252  Elec= -11.3822  ExRep=  12.6367  OrbRel=  -4.2694  CorrDisp=  -1.9103  CT(Mull)=+0.0354  CT(IAO)=+0.0650  closure=-2.6e-13  7.9s
R= 2.820  Total=  -5.0115  Elec= -10.9542  ExRep=  11.7798  OrbRel=  -3.9951  CorrDisp=  -1.8421  CT(Mull)=+0.0342  CT(IAO)=+0.0626  closure=1.1e-12  9.0s
R= 2.840  Total=  -5.0828  Elec= -10.5472  ExRep=  10.9804  OrbRel=  -3.7394  CorrDisp=  -1.7766  CT(Mull)=+0.0331  CT(IAO)=+0.0603  closure=-3.5e-13  7.7s
R= 2.860  Total=  -5.1402  Elec= -10.1601  ExRep=  10.2346  OrbRel=  -3.5011  CorrDisp=  -1.7137  CT(Mull)=+0.0320  CT(IAO)=+0.0581  closure=1.9e-12  7.5s
R= 2.880  Total=  -5.1851  Elec=  -9.7916  ExRep=   9.5388  OrbRel=  -3.2790  CorrDisp=  -1.6533  CT(Mull)=+0.0311  CT(IAO)=+0.0559  closure=9.9e-13  8.2s
R= 2.900  Total=  -5.2183  Elec=  -9.4409  ExRep=   8.8898  OrbRel=  -3.0720  CorrDisp=  -1.5952  CT(Mull)=+0.0301  CT(IAO)=+0.0538  closure=3.3e-13  8.7s
R= 2.920  Total=  -5.2410  Elec=  -9.1068  ExRep=   8.2844  OrbRel=  -2.8790  CorrDisp=  -1.5395  CT(Mull)=+0.0293  CT(IAO)=+0.0518  closure=1.0e-13  7.9s
R= 2.940  Total=  -5.2540  Elec=  -8.7885  ExRep=   7.7197  OrbRel=  -2.6992  CorrDisp=  -1.4860  CT(Mull)=+0.0284  CT(IAO)=+0.0499  closure=-6.7e-13  7.7s
R= 2.960  Total=  -5.2582  Elec=  -8.4851  ExRep=   7.1930  OrbRel=  -2.5315  CorrDisp=  -1.4346  CT(Mull)=+0.0277  CT(IAO)=+0.0480  closure=-6.8e-13  8.1s
R= 2.980  Total=  -5.2543  Elec=  -8.1958  ExRep=   6.7018  OrbRel=  -2.3752  CorrDisp=  -1.3851  CT(Mull)=+0.0269  CT(IAO)=+0.0462  closure=-3.0e-13  5.2s
R= 3.000  Total=  -5.2430  Elec=  -7.9197  ExRep=   6.2438  OrbRel=  -2.2294  CorrDisp=  -1.3376  CT(Mull)=+0.0262  CT(IAO)=+0.0445  closure=5.2e-13  5.7s
R= 3.020  Total=  -5.2251  Elec=  -7.6562  ExRep=   5.8166  OrbRel=  -2.0935  CorrDisp=  -1.2919  CT(Mull)=+0.0256  CT(IAO)=+0.0428  closure=3.1e-13  4.8s
R= 3.040  Total=  -5.2011  Elec=  -7.4046  ExRep=   5.4183  OrbRel=  -1.9669  CorrDisp=  -1.2480  CT(Mull)=+0.0249  CT(IAO)=+0.0412  closure=-2.8e-13  4.6s
R= 3.060  Total=  -5.1716  Elec=  -7.1642  ExRep=   5.0470  OrbRel=  -1.8487  CorrDisp=  -1.2057  CT(Mull)=+0.0243  CT(IAO)=+0.0396  closure=-1.4e-13  4.9s
R= 3.080  Total=  -5.1371  Elec=  -6.9344  ExRep=   4.7008  OrbRel=  -1.7385  CorrDisp=  -1.1649  CT(Mull)=+0.0237  CT(IAO)=+0.0381  closure=-7.2e-13  4.9s
R= 3.100  Total=  -5.0981  Elec=  -6.7147  ExRep=   4.3781  OrbRel=  -1.6358  CorrDisp=  -1.1257  CT(Mull)=+0.0232  CT(IAO)=+0.0366  closure=-6.3e-13  4.9s
R= 3.120  Total=  -5.0552  Elec=  -6.5046  ExRep=   4.0773  OrbRel=  -1.5400  CorrDisp=  -1.0879  CT(Mull)=+0.0226  CT(IAO)=+0.0352  closure=3.6e-13  4.7s
R= 3.140  Total=  -5.0085  Elec=  -6.3035  ExRep=   3.7969  OrbRel=  -1.4506  CorrDisp=  -1.0514  CT(Mull)=+0.0221  CT(IAO)=+0.0339  closure=6.2e-13  5.7s
# wrote /mnt/c/Users/HUAWEI/Desktop/hbond-stretch-eda/results/scan_revpbe0-d3bj_tzvp_oh+0.020.json
# Force-constant partition: revpbe0-d3bj_tzvp_oh+0.020

R_min = 2.9599 Å, E_int = -5.258 kcal/mol, k_total = 20.126 kcal/mol/Å² = 13.98 N/m, ω(H2O) = 162.3 cm⁻¹, ω(D2O) = 154.0 cm⁻¹ (mass effect only)

| component | X(R_min) kcal/mol | dX/dR kcal/mol/Å | k_X kcal/mol/Å² | k_X / k_total | cubic kcal/mol/Å³ |
|---|---:|---:|---:|---:|---:|
| Total | -5.258 | -0.001 | 20.126 | +1.000 | -95.23 |
| Elec | -8.487 | 14.815 | -35.137 | -1.746 | 100.86 |
| Exch | -9.596 | 29.826 | -91.798 | -4.561 | 283.74 |
| Rep | 16.792 | -55.258 | 180.450 | +8.966 | -593.85 |
| ExRep | 7.196 | -25.432 | 88.652 | +4.405 | -310.10 |
| OrbRel | -2.532 | 8.095 | -28.374 | -1.410 | 102.40 |
| Corr | -0.644 | 1.874 | -4.923 | -0.245 | 12.26 |
| Disp | -0.791 | 0.647 | -0.092 | -0.005 | -0.65 |
| CorrDisp | -1.435 | 2.521 | -5.015 | -0.249 | 11.61 |
| Steric | 5.761 | -22.911 | 83.638 | +4.156 | -298.49 |

Sum of primary slopes at R_min (should be ~0): -0.0006 kcal/mol/Å
Sum of primary k minus k_total (closure): -1.79e-07 kcal/mol/Å²
Electrons lost by the acceptor (acceptor → donor CT) at R_min: Mulliken {'value_e': 0.027669008953102068, 'slope_e_per_A': -0.03768884630988228}, IAO {'value_e': 0.04803222962276583, 'slope_e_per_A': -0.09199475078337989}
Max |closure| over scan: 1.94e-12 Eh
# figure: /mnt/c/Users/HUAWEI/Desktop/hbond-stretch-eda/figures/fc_revpbe0-d3bj_tzvp_oh+0.020.png
exit=0
