# r2scan-d4_tzvp: 26 points, 0 already done
R= 2.600  Total=  -3.6526  Elec= -16.3833  ExRep=  23.8201  OrbRel=  -7.1522  CorrDisp=  -3.9372  CT(Mull)=+0.0472  CT(IAO)=+0.0913  closure=-5.3e-13  15.6s
R= 2.700  Total=  -4.8415  Elec= -13.2744  ExRep=  16.7512  OrbRel=  -5.0050  CorrDisp=  -3.3133  CT(Mull)=+0.0388  CT(IAO)=+0.0765  closure=3.2e-14  20.9s
R= 2.768  Total=  -5.2810  Elec= -11.5783  ExRep=  13.1660  OrbRel=  -3.9271  CorrDisp=  -2.9416  CT(Mull)=+0.0345  CT(IAO)=+0.0677  closure=-1.7e-13  22.6s
R= 2.788  Total=  -5.3669  Elec= -11.1353  ExRep=  12.2669  OrbRel=  -3.6583  CorrDisp=  -2.8402  CT(Mull)=+0.0334  CT(IAO)=+0.0653  closure=-5.4e-13  30.8s
R= 2.800  Total=  -5.4097  Elec= -10.8844  ExRep=  11.7651  OrbRel=  -3.5087  CorrDisp=  -2.7818  CT(Mull)=+0.0328  CT(IAO)=+0.0640  closure=-5.5e-13  31.5s
R= 2.808  Total=  -5.4362  Elec= -10.7144  ExRep=  11.4285  OrbRel=  -3.4085  CorrDisp=  -2.7417  CT(Mull)=+0.0324  CT(IAO)=+0.0630  closure=1.0e-12  19.6s
R= 2.828  Total=  -5.4902  Elec= -10.3145  ExRep=  10.6469  OrbRel=  -3.1765  CorrDisp=  -2.6461  CT(Mull)=+0.0314  CT(IAO)=+0.0608  closure=-8.1e-13  17.0s
R= 2.848  Total=  -5.5301  Elec=  -9.9344  ExRep=   9.9182  OrbRel=  -2.9607  CorrDisp=  -2.5532  CT(Mull)=+0.0305  CT(IAO)=+0.0586  closure=3.9e-14  17.4s
R= 2.868  Total=  -5.5570  Elec=  -9.5729  ExRep=   9.2388  OrbRel=  -2.7598  CorrDisp=  -2.4632  CT(Mull)=+0.0297  CT(IAO)=+0.0565  closure=7.1e-13  16.9s
R= 2.888  Total=  -5.5721  Elec=  -9.2290  ExRep=   8.6056  OrbRel=  -2.5726  CorrDisp=  -2.3760  CT(Mull)=+0.0289  CT(IAO)=+0.0545  closure=-1.3e-12  17.1s
R= 2.900  Total=  -5.5760  Elec=  -9.0339  ExRep=   8.2523  OrbRel=  -2.4683  CorrDisp=  -2.3261  CT(Mull)=+0.0284  CT(IAO)=+0.0533  closure=6.5e-13  16.6s
R= 2.908  Total=  -5.5767  Elec=  -8.9016  ExRep=   8.0153  OrbRel=  -2.3983  CorrDisp=  -2.2920  CT(Mull)=+0.0281  CT(IAO)=+0.0525  closure=1.1e-12  17.1s
R= 2.928  Total=  -5.5720  Elec=  -8.5899  ExRep=   7.4650  OrbRel=  -2.2362  CorrDisp=  -2.2110  CT(Mull)=+0.0274  CT(IAO)=+0.0506  closure=7.6e-14  14.6s
R= 2.948  Total=  -5.5589  Elec=  -8.2929  ExRep=   6.9522  OrbRel=  -2.0856  CorrDisp=  -2.1325  CT(Mull)=+0.0267  CT(IAO)=+0.0488  closure=-6.9e-13  16.5s
R= 2.968  Total=  -5.5378  Elec=  -8.0099  ExRep=   6.4742  OrbRel=  -1.9460  CorrDisp=  -2.0562  CT(Mull)=+0.0261  CT(IAO)=+0.0470  closure=-4.4e-13  16.2s
R= 2.988  Total=  -5.5095  Elec=  -7.7400  ExRep=   6.0288  OrbRel=  -1.8165  CorrDisp=  -1.9817  CT(Mull)=+0.0255  CT(IAO)=+0.0453  closure=3.9e-13  15.9s
R= 3.000  Total=  -5.4895  Elec=  -7.5867  ExRep=   5.7803  OrbRel=  -1.7445  CorrDisp=  -1.9387  CT(Mull)=+0.0251  CT(IAO)=+0.0443  closure=-1.2e-13  16.5s
R= 3.008  Total=  -5.4743  Elec=  -7.4826  ExRep=   5.6137  OrbRel=  -1.6963  CorrDisp=  -1.9092  CT(Mull)=+0.0249  CT(IAO)=+0.0437  closure=1.2e-12  16.0s
R= 3.028  Total=  -5.4332  Elec=  -7.2369  ExRep=   5.2269  OrbRel=  -1.5844  CorrDisp=  -1.8388  CT(Mull)=+0.0243  CT(IAO)=+0.0421  closure=1.0e-12  16.6s
R= 3.048  Total=  -5.3870  Elec=  -7.0023  ExRep=   4.8665  OrbRel=  -1.4802  CorrDisp=  -1.7710  CT(Mull)=+0.0238  CT(IAO)=+0.0405  closure=3.9e-13  15.5s
R= 3.068  Total=  -5.3364  Elec=  -6.7782  ExRep=   4.5307  OrbRel=  -1.3829  CorrDisp=  -1.7060  CT(Mull)=+0.0232  CT(IAO)=+0.0390  closure=2.1e-13  17.1s
R= 3.088  Total=  -5.2819  Elec=  -6.5640  ExRep=   4.2179  OrbRel=  -1.2925  CorrDisp=  -1.6433  CT(Mull)=+0.0227  CT(IAO)=+0.0376  closure=1.8e-13  13.9s
R= 3.100  Total=  -5.2481  Elec=  -6.4421  ExRep=   4.0435  OrbRel=  -1.2423  CorrDisp=  -1.6072  CT(Mull)=+0.0224  CT(IAO)=+0.0368  closure=-4.0e-13  17.0s
R= 3.200  Total=  -4.9214  Elec=  -5.5260  ExRep=   2.8252  OrbRel=  -0.8966  CorrDisp=  -1.3240  CT(Mull)=+0.0201  CT(IAO)=+0.0304  closure=-3.4e-13  15.9s
R= 3.300  Total=  -4.5545  Elec=  -4.7841  ExRep=   1.9720  OrbRel=  -0.6567  CorrDisp=  -1.0858  CT(Mull)=+0.0180  CT(IAO)=+0.0251  closure=1.5e-13  16.3s
R= 3.400  Total=  -4.1766  Elec=  -4.1759  ExRep=   1.3754  OrbRel=  -0.4922  CorrDisp=  -0.8839  CT(Mull)=+0.0160  CT(IAO)=+0.0206  closure=3.7e-13  15.1s
# wrote /mnt/c/Users/HUAWEI/Desktop/hbond-stretch-eda/results/scan_r2scan-d4_tzvp.json
