# revpbe0-d3bj_tzvp_oh+0.005: 18 points, 0 already done
R= 2.800  Total=  -4.7839  Elec= -11.0155  ExRep=  12.0047  OrbRel=  -3.9556  CorrDisp=  -1.8174  CT(Mull)=+0.0332  CT(IAO)=+0.0622  closure=1.2e-13  19.9s
R= 2.820  Total=  -4.8714  Elec= -10.6042  ExRep=  11.1877  OrbRel=  -3.7024  CorrDisp=  -1.7525  CT(Mull)=+0.0322  CT(IAO)=+0.0599  closure=4.9e-13  23.6s
R= 2.840  Total=  -4.9440  Elec= -10.2130  ExRep=  10.4257  OrbRel=  -3.4664  CorrDisp=  -1.6903  CT(Mull)=+0.0312  CT(IAO)=+0.0577  closure=3.6e-13  9.5s
R= 2.860  Total=  -5.0029  Elec=  -9.8408  ExRep=   9.7150  OrbRel=  -3.2464  CorrDisp=  -1.6306  CT(Mull)=+0.0302  CT(IAO)=+0.0555  closure=-9.9e-13  9.3s
R= 2.880  Total=  -5.0493  Elec=  -9.4867  ExRep=   9.0522  OrbRel=  -3.0414  CorrDisp=  -1.5734  CT(Mull)=+0.0293  CT(IAO)=+0.0535  closure=-5.1e-13  8.7s
R= 2.900  Total=  -5.0842  Elec=  -9.1494  ExRep=   8.4341  OrbRel=  -2.8504  CorrDisp=  -1.5185  CT(Mull)=+0.0285  CT(IAO)=+0.0515  closure=-1.4e-12  7.6s
R= 2.920  Total=  -5.1086  Elec=  -8.8282  ExRep=   7.8577  OrbRel=  -2.6723  CorrDisp=  -1.4659  CT(Mull)=+0.0277  CT(IAO)=+0.0496  closure=-7.6e-14  7.8s
R= 2.940  Total=  -5.1234  Elec=  -8.5221  ExRep=   7.3203  OrbRel=  -2.5062  CorrDisp=  -1.4153  CT(Mull)=+0.0270  CT(IAO)=+0.0477  closure=7.1e-13  9.0s
R= 2.960  Total=  -5.1294  Elec=  -8.2302  ExRep=   6.8191  OrbRel=  -2.3515  CorrDisp=  -1.3668  CT(Mull)=+0.0263  CT(IAO)=+0.0459  closure=4.7e-13  8.5s
R= 2.980  Total=  -5.1273  Elec=  -7.9518  ExRep=   6.3519  OrbRel=  -2.2072  CorrDisp=  -1.3202  CT(Mull)=+0.0256  CT(IAO)=+0.0442  closure=-1.6e-13  7.5s
R= 3.000  Total=  -5.1180  Elec=  -7.6861  ExRep=   5.9163  OrbRel=  -2.0726  CorrDisp=  -1.2755  CT(Mull)=+0.0250  CT(IAO)=+0.0426  closure=5.4e-13  7.5s
R= 3.020  Total=  -5.1020  Elec=  -7.4325  ExRep=   5.5102  OrbRel=  -1.9472  CorrDisp=  -1.2325  CT(Mull)=+0.0244  CT(IAO)=+0.0409  closure=1.3e-12  9.0s
R= 3.040  Total=  -5.0799  Elec=  -7.1903  ExRep=   5.1317  OrbRel=  -1.8302  CorrDisp=  -1.1911  CT(Mull)=+0.0238  CT(IAO)=+0.0394  closure=-1.1e-13  7.7s
R= 3.060  Total=  -5.0524  Elec=  -6.9588  ExRep=   4.7788  OrbRel=  -1.7211  CorrDisp=  -1.1513  CT(Mull)=+0.0233  CT(IAO)=+0.0379  closure=-2.9e-13  7.8s
R= 3.080  Total=  -5.0199  Elec=  -6.7376  ExRep=   4.4500  OrbRel=  -1.6194  CorrDisp=  -1.1130  CT(Mull)=+0.0227  CT(IAO)=+0.0365  closure=-3.3e-13  8.0s
R= 3.100  Total=  -4.9830  Elec=  -6.5259  ExRep=   4.1435  OrbRel=  -1.5245  CorrDisp=  -1.0761  CT(Mull)=+0.0222  CT(IAO)=+0.0351  closure=-4.4e-13  9.4s
R= 3.120  Total=  -4.9420  Elec=  -6.3235  ExRep=   3.8580  OrbRel=  -1.4359  CorrDisp=  -1.0405  CT(Mull)=+0.0217  CT(IAO)=+0.0337  closure=-6.2e-13  7.9s
R= 3.140  Total=  -4.8973  Elec=  -6.1296  ExRep=   3.5919  OrbRel=  -1.3533  CorrDisp=  -1.0062  CT(Mull)=+0.0212  CT(IAO)=+0.0324  closure=-1.1e-12  7.2s
# wrote /mnt/c/Users/HUAWEI/Desktop/hbond-stretch-eda/results/scan_revpbe0-d3bj_tzvp_oh+0.005.json
