# trimer_acid_control_revpbe0-d3bj_tzvp: set=acid_control R0=2.8462 moving=water_a ct_label=water_a 31 points, 0 done
R= 2.546  Total=  -4.5191  Elec= -19.6554  ExRep=  28.0767  OrbRel=  -9.7531  CorrDisp=  -3.1873  CT(Mull)=+0.0587  CT(IAO)=+0.1027  closure=5.3e-13  41.2s
R= 2.596  Total=  -5.3776  Elec= -17.7727  ExRep=  23.5397  OrbRel=  -8.2317  CorrDisp=  -2.9128  CT(Mull)=+0.0526  CT(IAO)=+0.0940  closure=3.8e-13  45.0s
R= 2.646  Total=  -6.0051  Elec= -16.1166  ExRep=  19.7294  OrbRel=  -6.9575  CorrDisp=  -2.6603  CT(Mull)=+0.0473  CT(IAO)=+0.0860  closure=7.3e-13  47.2s
R= 2.686  Total=  -6.3717  Elec= -14.9359  ExRep=  17.1263  OrbRel=  -6.0882  CorrDisp=  -2.4739  CT(Mull)=+0.0436  CT(IAO)=+0.0800  closure=-8.7e-13  40.7s
R= 2.696  Total=  -6.4472  Elec= -14.6590  ExRep=  16.5306  OrbRel=  -5.8893  CorrDisp=  -2.4295  CT(Mull)=+0.0428  CT(IAO)=+0.0786  closure=-1.2e-12  41.9s
R= 2.706  Total=  -6.5167  Elec= -14.3890  ExRep=  15.9553  OrbRel=  -5.6972  CorrDisp=  -2.3858  CT(Mull)=+0.0420  CT(IAO)=+0.0772  closure=8.1e-13  42.3s
R= 2.726  Total=  -6.6391  Elec= -13.8690  ExRep=  14.8636  OrbRel=  -5.3328  CorrDisp=  -2.3011  CT(Mull)=+0.0404  CT(IAO)=+0.0744  closure=7.8e-13  43.3s
R= 2.746  Total=  -6.7409  Elec= -13.3743  ExRep=  13.8459  OrbRel=  -4.9929  CorrDisp=  -2.2196  CT(Mull)=+0.0390  CT(IAO)=+0.0717  closure=-2.9e-13  38.1s
R= 2.766  Total=  -6.8237  Elec= -12.9037  ExRep=  12.8972  OrbRel=  -4.6760  CorrDisp=  -2.1412  CT(Mull)=+0.0376  CT(IAO)=+0.0691  closure=-3.8e-13  42.1s
R= 2.786  Total=  -6.8893  Elec= -12.4557  ExRep=  12.0128  OrbRel=  -4.3804  CorrDisp=  -2.0659  CT(Mull)=+0.0363  CT(IAO)=+0.0666  closure=-3.2e-13  38.6s
R= 2.796  Total=  -6.9160  Elec= -12.2398  ExRep=  11.5933  OrbRel=  -4.2401  CorrDisp=  -2.0294  CT(Mull)=+0.0357  CT(IAO)=+0.0654  closure=1.6e-12  41.0s
R= 2.806  Total=  -6.9390  Elec= -12.0291  ExRep=  11.1883  OrbRel=  -4.1047  CorrDisp=  -1.9936  CT(Mull)=+0.0351  CT(IAO)=+0.0642  closure=1.9e-12  38.6s
R= 2.826  Total=  -6.9745  Elec= -11.6226  ExRep=  10.4199  OrbRel=  -3.8475  CorrDisp=  -1.9242  CT(Mull)=+0.0340  CT(IAO)=+0.0618  closure=-1.0e-12  38.7s
R= 2.846  Total=  -6.9967  Elec= -11.2352  ExRep=   9.7037  OrbRel=  -3.6076  CorrDisp=  -1.8576  CT(Mull)=+0.0329  CT(IAO)=+0.0596  closure=1.1e-12  38.8s
R= 2.866  Total=  -7.0071  Elec= -10.8657  ExRep=   9.0361  OrbRel=  -3.3838  CorrDisp=  -1.7936  CT(Mull)=+0.0320  CT(IAO)=+0.0574  closure=-3.6e-13  40.6s
R= 2.886  Total=  -7.0065  Elec= -10.5132  ExRep=   8.4139  OrbRel=  -3.1750  CorrDisp=  -1.7322  CT(Mull)=+0.0310  CT(IAO)=+0.0552  closure=7.9e-13  40.0s
R= 2.896  Total=  -7.0025  Elec= -10.3431  ExRep=   8.1189  OrbRel=  -3.0760  CorrDisp=  -1.7024  CT(Mull)=+0.0306  CT(IAO)=+0.0542  closure=4.3e-13  39.2s
R= 2.906  Total=  -6.9961  Elec= -10.1768  ExRep=   7.8341  OrbRel=  -2.9802  CorrDisp=  -1.6732  CT(Mull)=+0.0301  CT(IAO)=+0.0532  closure=6.9e-14  37.5s
R= 2.926  Total=  -6.9766  Elec=  -9.8554  ExRep=   7.2938  OrbRel=  -2.7985  CorrDisp=  -1.6165  CT(Mull)=+0.0293  CT(IAO)=+0.0512  closure=-1.1e-13  39.2s
R= 2.946  Total=  -6.9490  Elec=  -9.5484  ExRep=   6.7903  OrbRel=  -2.6288  CorrDisp=  -1.5620  CT(Mull)=+0.0285  CT(IAO)=+0.0493  closure=-3.9e-13  36.4s
R= 2.966  Total=  -6.9140  Elec=  -9.2549  ExRep=   6.3211  OrbRel=  -2.4706  CorrDisp=  -1.5097  CT(Mull)=+0.0278  CT(IAO)=+0.0474  closure=1.4e-12  37.9s
R= 2.986  Total=  -6.8723  Elec=  -8.9741  ExRep=   5.8840  OrbRel=  -2.3228  CorrDisp=  -1.4594  CT(Mull)=+0.0271  CT(IAO)=+0.0457  closure=7.7e-13  39.4s
R= 2.996  Total=  -6.8491  Elec=  -8.8383  ExRep=   5.6768  OrbRel=  -2.2527  CorrDisp=  -1.4349  CT(Mull)=+0.0267  CT(IAO)=+0.0448  closure=-9.0e-13  40.1s
R= 3.006  Total=  -6.8245  Elec=  -8.7054  ExRep=   5.4768  OrbRel=  -2.1850  CorrDisp=  -1.4109  CT(Mull)=+0.0264  CT(IAO)=+0.0439  closure=-8.4e-13  37.8s
R= 3.046  Total=  -6.7134  Elec=  -8.2017  ExRep=   4.7440  OrbRel=  -1.9362  CorrDisp=  -1.3195  CT(Mull)=+0.0251  CT(IAO)=+0.0407  closure=-2.3e-13  36.8s
R= 3.096  Total=  -6.5503  Elec=  -7.6293  ExRep=   3.9630  OrbRel=  -1.6696  CorrDisp=  -1.2143  CT(Mull)=+0.0237  CT(IAO)=+0.0369  closure=8.9e-13  37.9s
R= 3.146  Total=  -6.3670  Elec=  -7.1131  ExRep=   3.3093  OrbRel=  -1.4450  CorrDisp=  -1.1183  CT(Mull)=+0.0224  CT(IAO)=+0.0335  closure=-2.0e-13  38.9s
R= 3.196  Total=  -6.1692  Elec=  -6.6460  ExRep=   2.7625  OrbRel=  -1.2555  CorrDisp=  -1.0303  CT(Mull)=+0.0211  CT(IAO)=+0.0304  closure=3.1e-13  35.4s
R= 3.246  Total=  -5.9617  Elec=  -6.2222  ExRep=   2.3054  OrbRel=  -1.0954  CorrDisp=  -0.9495  CT(Mull)=+0.0199  CT(IAO)=+0.0275  closure=-3.5e-13  32.3s
R= 3.296  Total=  -5.7483  Elec=  -5.8365  ExRep=   1.9233  OrbRel=  -0.9600  CorrDisp=  -0.8752  CT(Mull)=+0.0188  CT(IAO)=+0.0249  closure=2.2e-13  24.8s
R= 3.346  Total=  -5.5322  Elec=  -5.4844  ExRep=   1.6042  OrbRel=  -0.8452  CorrDisp=  -0.8068  CT(Mull)=+0.0177  CT(IAO)=+0.0225  closure=7.6e-13  27.2s
# wrote /mnt/c/Users/HUAWEI/Desktop/hbond-stretch-eda/results/scan_trimer_acid_control_revpbe0-d3bj_tzvp.json
