# revpbe0-d3bj_tzvp: 39 points, 0 already done
R= 2.550  Total=  -1.6801  Elec= -18.2237  ExRep=  28.3880  OrbRel=  -9.0007  CorrDisp=  -2.8437  CT(Mull)=+0.0532  CT(IAO)=+0.0966  closure=-8.0e-13  7.5s
R= 2.600  Total=  -2.6845  Elec= -16.3498  ExRep=  23.8318  OrbRel=  -7.5752  CorrDisp=  -2.5913  CT(Mull)=+0.0476  CT(IAO)=+0.0883  closure=1.1e-12  7.8s
R= 2.650  Total=  -3.4515  Elec= -14.7080  ExRep=  20.0008  OrbRel=  -6.3842  CorrDisp=  -2.3601  CT(Mull)=+0.0429  CT(IAO)=+0.0807  closure=-7.0e-13  8.7s
R= 2.700  Total=  -4.0263  Elec= -13.2690  ExRep=  16.7806  OrbRel=  -5.3882  CorrDisp=  -2.1496  CT(Mull)=+0.0388  CT(IAO)=+0.0737  closure=-9.9e-13  7.9s
R= 2.750  Total=  -4.4455  Elec= -12.0064  ExRep=  14.0746  OrbRel=  -4.5545  CorrDisp=  -1.9592  CT(Mull)=+0.0354  CT(IAO)=+0.0672  closure=-1.4e-12  8.5s
R= 2.768  Total=  -4.5655  Elec= -11.5858  ExRep=  13.2008  OrbRel=  -4.2859  CorrDisp=  -1.8946  CT(Mull)=+0.0343  CT(IAO)=+0.0650  closure=6.9e-13  9.0s
R= 2.788  Total=  -4.6797  Elec= -11.1457  ExRep=  12.3024  OrbRel=  -4.0100  CorrDisp=  -1.8264  CT(Mull)=+0.0332  CT(IAO)=+0.0626  closure=-1.3e-12  7.9s
R= 2.800  Total=  -4.7390  Elec= -10.8964  ExRep=  11.8010  OrbRel=  -3.8562  CorrDisp=  -1.7874  CT(Mull)=+0.0325  CT(IAO)=+0.0612  closure=9.5e-13  9.1s
R= 2.808  Total=  -4.7769  Elec= -10.7275  ExRep=  11.4645  OrbRel=  -3.7530  CorrDisp=  -1.7610  CT(Mull)=+0.0321  CT(IAO)=+0.0603  closure=-4.6e-13  8.3s
R= 2.828  Total=  -4.8585  Elec= -10.3298  ExRep=  10.6831  OrbRel=  -3.5134  CorrDisp=  -1.6983  CT(Mull)=+0.0311  CT(IAO)=+0.0581  closure=3.8e-13  11.0s
R= 2.848  Total=  -4.9257  Elec=  -9.9516  ExRep=   9.9544  OrbRel=  -3.2902  CorrDisp=  -1.6382  CT(Mull)=+0.0302  CT(IAO)=+0.0560  closure=3.2e-13  14.7s
R= 2.850  Total=  -4.9310  Elec=  -9.9185  ExRep=   9.8912  OrbRel=  -3.2709  CorrDisp=  -1.6329  CT(Mull)=+0.0301  CT(IAO)=+0.0558  closure=-3.7e-13  13.4s
R= 2.868  Total=  -4.9797  Elec=  -9.5917  ExRep=   9.2748  OrbRel=  -3.0822  CorrDisp=  -1.5806  CT(Mull)=+0.0293  CT(IAO)=+0.0539  closure=-6.4e-13  13.9s
R= 2.888  Total=  -5.0217  Elec=  -9.2491  ExRep=   8.6411  OrbRel=  -2.8883  CorrDisp=  -1.5254  CT(Mull)=+0.0285  CT(IAO)=+0.0519  closure=-1.8e-13  14.7s
R= 2.900  Total=  -5.0413  Elec=  -9.0547  ExRep=   8.2874  OrbRel=  -2.7801  CorrDisp=  -1.4939  CT(Mull)=+0.0280  CT(IAO)=+0.0507  closure=-3.3e-13  12.1s
R= 2.908  Total=  -5.0527  Elec=  -8.9228  ExRep=   8.0501  OrbRel=  -2.7075  CorrDisp=  -1.4725  CT(Mull)=+0.0277  CT(IAO)=+0.0500  closure=-1.8e-13  14.3s
R= 2.928  Total=  -5.0735  Elec=  -8.6119  ExRep=   7.4992  OrbRel=  -2.5391  CorrDisp=  -1.4217  CT(Mull)=+0.0269  CT(IAO)=+0.0481  closure=2.8e-13  13.5s
R= 2.948  Total=  -5.0851  Elec=  -8.3156  ExRep=   6.9855  OrbRel=  -2.3820  CorrDisp=  -1.3730  CT(Mull)=+0.0262  CT(IAO)=+0.0463  closure=4.8e-13  14.2s
R= 2.950  Total=  -5.0858  Elec=  -8.2896  ExRep=   6.9410  OrbRel=  -2.3684  CorrDisp=  -1.3687  CT(Mull)=+0.0262  CT(IAO)=+0.0461  closure=5.3e-15  13.7s
R= 2.968  Total=  -5.0883  Elec=  -8.0330  ExRep=   6.5065  OrbRel=  -2.2356  CorrDisp=  -1.3262  CT(Mull)=+0.0256  CT(IAO)=+0.0446  closure=-6.5e-14  14.3s
R= 2.988  Total=  -5.0837  Elec=  -7.7634  ExRep=   6.0600  OrbRel=  -2.0991  CorrDisp=  -1.2813  CT(Mull)=+0.0250  CT(IAO)=+0.0429  closure=1.7e-13  14.2s
R= 3.000  Total=  -5.0777  Elec=  -7.6101  ExRep=   5.8110  OrbRel=  -2.0229  CorrDisp=  -1.2557  CT(Mull)=+0.0246  CT(IAO)=+0.0419  closure=5.7e-13  12.4s
R= 3.008  Total=  -5.0722  Elec=  -7.5060  ExRep=   5.6439  OrbRel=  -1.9718  CorrDisp=  -1.2382  CT(Mull)=+0.0244  CT(IAO)=+0.0413  closure=-6.6e-13  14.6s
R= 3.028  Total=  -5.0542  Elec=  -7.2603  ExRep=   5.2559  OrbRel=  -1.8531  CorrDisp=  -1.1967  CT(Mull)=+0.0238  CT(IAO)=+0.0397  closure=-2.3e-13  13.2s
R= 3.048  Total=  -5.0304  Elec=  -7.0255  ExRep=   4.8943  OrbRel=  -1.7424  CorrDisp=  -1.1568  CT(Mull)=+0.0232  CT(IAO)=+0.0382  closure=-1.0e-13  13.3s
R= 3.050  Total=  -5.0280  Elec=  -7.0049  ExRep=   4.8630  OrbRel=  -1.7328  CorrDisp=  -1.1533  CT(Mull)=+0.0232  CT(IAO)=+0.0381  closure=1.0e-12  14.1s
R= 3.068  Total=  -5.0014  Elec=  -6.8011  ExRep=   4.5574  OrbRel=  -1.6392  CorrDisp=  -1.1185  CT(Mull)=+0.0227  CT(IAO)=+0.0368  closure=-6.3e-13  13.9s
R= 3.088  Total=  -4.9676  Elec=  -6.5866  ExRep=   4.2433  OrbRel=  -1.5429  CorrDisp=  -1.0815  CT(Mull)=+0.0222  CT(IAO)=+0.0354  closure=-7.2e-13  12.6s
R= 3.100  Total=  -4.9457  Elec=  -6.4644  ExRep=   4.0682  OrbRel=  -1.4891  CorrDisp=  -1.0603  CT(Mull)=+0.0219  CT(IAO)=+0.0346  closure=1.0e-12  15.8s
R= 3.150  Total=  -4.8381  Elec=  -5.9803  ExRep=   3.4021  OrbRel=  -1.2843  CorrDisp=  -0.9756  CT(Mull)=+0.0207  CT(IAO)=+0.0314  closure=-2.0e-13  13.9s
R= 3.200  Total=  -4.7113  Elec=  -5.5454  ExRep=   2.8441  OrbRel=  -1.1119  CorrDisp=  -0.8981  CT(Mull)=+0.0196  CT(IAO)=+0.0284  closure=4.9e-13  12.9s
R= 3.250  Total=  -4.5706  Elec=  -5.1538  ExRep=   2.3769  OrbRel=  -0.9667  CorrDisp=  -0.8270  CT(Mull)=+0.0185  CT(IAO)=+0.0258  closure=-3.8e-13  11.9s
R= 3.300  Total=  -4.4200  Elec=  -4.7999  ExRep=   1.9859  OrbRel=  -0.8442  CorrDisp=  -0.7617  CT(Mull)=+0.0175  CT(IAO)=+0.0233  closure=-1.7e-13  13.9s
R= 3.350  Total=  -4.2629  Elec=  -4.4794  ExRep=   1.6588  OrbRel=  -0.7407  CorrDisp=  -0.7016  CT(Mull)=+0.0165  CT(IAO)=+0.0211  closure=1.1e-12  12.3s
R= 3.400  Total=  -4.1022  Elec=  -4.1882  ExRep=   1.3852  OrbRel=  -0.6531  CorrDisp=  -0.6461  CT(Mull)=+0.0156  CT(IAO)=+0.0191  closure=-1.8e-13  12.8s
R= 3.450  Total=  -3.9402  Elec=  -3.9231  ExRep=   1.1566  OrbRel=  -0.5788  CorrDisp=  -0.5949  CT(Mull)=+0.0147  CT(IAO)=+0.0173  closure=-4.1e-13  14.2s
R= 3.500  Total=  -3.7786  Elec=  -3.6809  ExRep=   0.9654  OrbRel=  -0.5156  CorrDisp=  -0.5475  CT(Mull)=+0.0138  CT(IAO)=+0.0156  closure=-1.3e-12  14.5s
R= 3.550  Total=  -3.6190  Elec=  -3.4592  ExRep=   0.8058  OrbRel=  -0.4618  CorrDisp=  -0.5037  CT(Mull)=+0.0130  CT(IAO)=+0.0141  closure=-4.1e-13  13.4s
R= 3.600  Total=  -3.4625  Elec=  -3.2559  ExRep=   0.6724  OrbRel=  -0.4157  CorrDisp=  -0.4632  CT(Mull)=+0.0123  CT(IAO)=+0.0127  closure=-2.8e-13  11.2s
# wrote /mnt/c/Users/HUAWEI/Desktop/hbond-stretch-eda/results/scan_revpbe0-d3bj_tzvp.json
