# waiting for results/cluster_trimer_revpbe0-d3bj_tzvp.json
# Thu Sep  3 06:14:08 CST 2026 optimization done, starting scans: acid_control base_control
# trimer_acid_control_revpbe0-d3bj_tzvp: set=acid_control R0=2.8462 moving=water_a ct_label=water_a 31 points, 0 done
R= 2.546  Total=  -4.5191  Elec= -19.6554  ExRep=  28.0767  OrbRel=  -9.7531  CorrDisp=  -3.1873  CT(Mull)=+0.0587  CT(IAO)=+0.1027  closure=5.3e-13  41.2s
R= 2.596  Total=  -5.3776  Elec= -17.7727  ExRep=  23.5397  OrbRel=  -8.2317  CorrDisp=  -2.9128  CT(Mull)=+0.0526  CT(IAO)=+0.0940  closure=3.8e-13  45.0s
R= 2.646  Total=  -6.0051  Elec= -16.1166  ExRep=  19.7294  OrbRel=  -6.9575  CorrDisp=  -2.6603  CT(Mull)=+0.0473  CT(IAO)=+0.0860  closure=7.3e-13  47.2s
R= 2.686  Total=  -6.3717  Elec= -14.9359  ExRep=  17.1263  OrbRel=  -6.0882  CorrDisp=  -2.4739  CT(Mull)=+0.0436  CT(IAO)=+0.0800  closure=-8.7e-13  40.7s
R= 2.696  Total=  -6.4472  Elec= -14.6590  ExRep=  16.5306  OrbRel=  -5.8893  CorrDisp=  -2.4295  CT(Mull)=+0.0428  CT(IAO)=+0.0786  closure=-1.2e-12  41.9s
R= 2.706  Total=  -6.5167  Elec= -14.3890  ExRep=  15.9553  OrbRel=  -5.6972  CorrDisp=  -2.3858  CT(Mull)=+0.0420  CT(IAO)=+0.0772  closure=8.1e-13  42.3s
R= 2.726  Total=  -6.6391  Elec= -13.8690  ExRep=  14.8636  OrbRel=  -5.3328  CorrDisp=  -2.3011  CT(Mull)=+0.0404  CT(IAO)=+0.0744  closure=7.8e-13  43.3s
R= 2.746  Total=  -6.7409  Elec= -13.3743  ExRep=  13.8459  OrbRel=  -4.9929  CorrDisp=  -2.2196  CT(Mull)=+0.0390  CT(IAO)=+0.0717  closure=-2.9e-13  38.1s
R= 2.766  Total=  -6.8237  Elec= -12.9037  ExRep=  12.8972  OrbRel=  -4.6760  CorrDisp=  -2.1412  CT(Mull)=+0.0376  CT(IAO)=+0.0691  closure=-3.8e-13  42.1s
R= 2.786  Total=  -6.8893  Elec= -12.4557  ExRep=  12.0128  OrbRel=  -4.3804  CorrDisp=  -2.0659  CT(Mull)=+0.0363  CT(IAO)=+0.0666  closure=-3.2e-13  38.6s
R= 2.796  Total=  -6.9160  Elec= -12.2398  ExRep=  11.5933  OrbRel=  -4.2401  CorrDisp=  -2.0294  CT(Mull)=+0.0357  CT(IAO)=+0.0654  closure=1.6e-12  41.0s
R= 2.806  Total=  -6.9390  Elec= -12.0291  ExRep=  11.1883  OrbRel=  -4.1047  CorrDisp=  -1.9936  CT(Mull)=+0.0351  CT(IAO)=+0.0642  closure=1.9e-12  38.6s
R= 2.826  Total=  -6.9745  Elec= -11.6226  ExRep=  10.4199  OrbRel=  -3.8475  CorrDisp=  -1.9242  CT(Mull)=+0.0340  CT(IAO)=+0.0618  closure=-1.0e-12  38.7s
R= 2.846  Total=  -6.9967  Elec= -11.2352  ExRep=   9.7037  OrbRel=  -3.6076  CorrDisp=  -1.8576  CT(Mull)=+0.0329  CT(IAO)=+0.0596  closure=1.1e-12  38.8s
R= 2.866  Total=  -7.0071  Elec= -10.8657  ExRep=   9.0361  OrbRel=  -3.3838  CorrDisp=  -1.7936  CT(Mull)=+0.0320  CT(IAO)=+0.0574  closure=-3.6e-13  40.6s
R= 2.886  Total=  -7.0065  Elec= -10.5132  ExRep=   8.4139  OrbRel=  -3.1750  CorrDisp=  -1.7322  CT(Mull)=+0.0310  CT(IAO)=+0.0552  closure=7.9e-13  40.0s
R= 2.896  Total=  -7.0025  Elec= -10.3431  ExRep=   8.1189  OrbRel=  -3.0760  CorrDisp=  -1.7024  CT(Mull)=+0.0306  CT(IAO)=+0.0542  closure=4.3e-13  39.2s
R= 2.906  Total=  -6.9961  Elec= -10.1768  ExRep=   7.8341  OrbRel=  -2.9802  CorrDisp=  -1.6732  CT(Mull)=+0.0301  CT(IAO)=+0.0532  closure=6.9e-14  37.5s
R= 2.926  Total=  -6.9766  Elec=  -9.8554  ExRep=   7.2938  OrbRel=  -2.7985  CorrDisp=  -1.6165  CT(Mull)=+0.0293  CT(IAO)=+0.0512  closure=-1.1e-13  39.2s
R= 2.946  Total=  -6.9490  Elec=  -9.5484  ExRep=   6.7903  OrbRel=  -2.6288  CorrDisp=  -1.5620  CT(Mull)=+0.0285  CT(IAO)=+0.0493  closure=-3.9e-13  36.4s
R= 2.966  Total=  -6.9140  Elec=  -9.2549  ExRep=   6.3211  OrbRel=  -2.4706  CorrDisp=  -1.5097  CT(Mull)=+0.0278  CT(IAO)=+0.0474  closure=1.4e-12  37.9s
R= 2.986  Total=  -6.8723  Elec=  -8.9741  ExRep=   5.8840  OrbRel=  -2.3228  CorrDisp=  -1.4594  CT(Mull)=+0.0271  CT(IAO)=+0.0457  closure=7.7e-13  39.4s
R= 2.996  Total=  -6.8491  Elec=  -8.8383  ExRep=   5.6768  OrbRel=  -2.2527  CorrDisp=  -1.4349  CT(Mull)=+0.0267  CT(IAO)=+0.0448  closure=-9.0e-13  40.1s
R= 3.006  Total=  -6.8245  Elec=  -8.7054  ExRep=   5.4768  OrbRel=  -2.1850  CorrDisp=  -1.4109  CT(Mull)=+0.0264  CT(IAO)=+0.0439  closure=-8.4e-13  37.8s
R= 3.046  Total=  -6.7134  Elec=  -8.2017  ExRep=   4.7440  OrbRel=  -1.9362  CorrDisp=  -1.3195  CT(Mull)=+0.0251  CT(IAO)=+0.0407  closure=-2.3e-13  36.8s
R= 3.096  Total=  -6.5503  Elec=  -7.6293  ExRep=   3.9630  OrbRel=  -1.6696  CorrDisp=  -1.2143  CT(Mull)=+0.0237  CT(IAO)=+0.0369  closure=8.9e-13  37.9s
R= 3.146  Total=  -6.3670  Elec=  -7.1131  ExRep=   3.3093  OrbRel=  -1.4450  CorrDisp=  -1.1183  CT(Mull)=+0.0224  CT(IAO)=+0.0335  closure=-2.0e-13  38.9s
R= 3.196  Total=  -6.1692  Elec=  -6.6460  ExRep=   2.7625  OrbRel=  -1.2555  CorrDisp=  -1.0303  CT(Mull)=+0.0211  CT(IAO)=+0.0304  closure=3.1e-13  35.4s
R= 3.246  Total=  -5.9617  Elec=  -6.2222  ExRep=   2.3054  OrbRel=  -1.0954  CorrDisp=  -0.9495  CT(Mull)=+0.0199  CT(IAO)=+0.0275  closure=-3.5e-13  32.3s
R= 3.296  Total=  -5.7483  Elec=  -5.8365  ExRep=   1.9233  OrbRel=  -0.9600  CorrDisp=  -0.8752  CT(Mull)=+0.0188  CT(IAO)=+0.0249  closure=2.2e-13  24.8s
R= 3.346  Total=  -5.5322  Elec=  -5.4844  ExRep=   1.6042  OrbRel=  -0.8452  CorrDisp=  -0.8068  CT(Mull)=+0.0177  CT(IAO)=+0.0225  closure=7.6e-13  27.2s
# wrote /mnt/c/Users/HUAWEI/Desktop/hbond-stretch-eda/results/scan_trimer_acid_control_revpbe0-d3bj_tzvp.json
# Force-constant partition: trimer_acid_control_revpbe0-d3bj_tzvp

R_min = 2.8750 Å, E_int = -7.008 kcal/mol, k_total = 26.071 kcal/mol/Å² = 18.11 N/m, ω(H2O) = 184.8 cm⁻¹, ω(D2O) = 175.2 cm⁻¹ (mass effect only)

| component | X(R_min) kcal/mol | dX/dR kcal/mol/Å | k_X kcal/mol/Å² | k_X / k_total | cubic kcal/mol/Å³ |
|---|---:|---:|---:|---:|---:|
| Total | -7.008 | -0.000 | 26.071 | +1.000 | -126.26 |
| Elec | -10.709 | 17.672 | -41.335 | -1.585 | 119.71 |
| Exch | -11.121 | 35.139 | -110.039 | -4.221 | 344.07 |
| Rep | 19.879 | -66.372 | 220.028 | +8.440 | -733.21 |
| ExRep | 8.758 | -31.233 | 109.989 | +4.219 | -389.14 |
| OrbRel | -3.291 | 10.481 | -36.332 | -1.394 | 129.62 |
| Corr | -0.836 | 2.305 | -6.052 | -0.232 | 14.12 |
| Disp | -0.930 | 0.774 | -0.198 | -0.008 | -0.56 |
| CorrDisp | -1.766 | 3.080 | -6.250 | -0.240 | 13.56 |
| Steric | 6.992 | -28.154 | 103.739 | +3.979 | -375.58 |

Sum of primary slopes at R_min (should be ~0): -0.0001 kcal/mol/Å
Sum of primary k minus k_total (closure): -3.57e-08 kcal/mol/Å²
Electrons lost by fragment 'water_a' (acceptor of the target bond) at R_min: Mulliken {'value_e': 0.03153550842508103, 'slope_e_per_A': -0.04664091760278267}, IAO {'value_e': 0.05642045014724177, 'slope_e_per_A': -0.10632053193677107}
Max |closure| over scan: 1.88e-12 Eh
# figure: /mnt/c/Users/HUAWEI/Desktop/hbond-stretch-eda/figures/fc_trimer_acid_control_revpbe0-d3bj_tzvp.png
# trimer_base_control_revpbe0-d3bj_tzvp: set=base_control R0=2.8616 moving=water_0 ct_label=chain 31 points, 0 done
R= 2.562  Total=  -4.5009  Elec= -20.1908  ExRep=  28.3790  OrbRel=  -9.7378  CorrDisp=  -2.9513  CT(Mull)=+0.0586  CT(IAO)=+0.1026  closure=-7.5e-13  28.5s
R= 2.612  Total=  -5.3374  Elec= -18.2499  ExRep=  23.8552  OrbRel=  -8.2453  CorrDisp=  -2.6975  CT(Mull)=+0.0530  CT(IAO)=+0.0941  closure=3.6e-13  27.2s
R= 2.662  Total=  -5.9521  Elec= -16.5422  ExRep=  20.0474  OrbRel=  -6.9932  CorrDisp=  -2.4641  CT(Mull)=+0.0482  CT(IAO)=+0.0862  closure=3.8e-13  28.9s
R= 2.702  Total=  -6.3134  Elec= -15.3243  ExRep=  17.4406  OrbRel=  -6.1377  CorrDisp=  -2.2920  CT(Mull)=+0.0449  CT(IAO)=+0.0803  closure=-1.4e-13  27.4s
R= 2.712  Total=  -6.3880  Elec= -15.0386  ExRep=  16.8432  OrbRel=  -5.9418  CorrDisp=  -2.2509  CT(Mull)=+0.0441  CT(IAO)=+0.0789  closure=2.1e-13  27.2s
R= 2.722  Total=  -6.4570  Elec= -14.7600  ExRep=  16.2662  OrbRel=  -5.7525  CorrDisp=  -2.2106  CT(Mull)=+0.0434  CT(IAO)=+0.0775  closure=3.1e-13  28.3s
R= 2.742  Total=  -6.5787  Elec= -14.2233  ExRep=  15.1702  OrbRel=  -5.3932  CorrDisp=  -2.1324  CT(Mull)=+0.0419  CT(IAO)=+0.0747  closure=8.6e-13  29.0s
R= 2.762  Total=  -6.6803  Elec= -13.7128  ExRep=  14.1475  OrbRel=  -5.0578  CorrDisp=  -2.0572  CT(Mull)=+0.0406  CT(IAO)=+0.0721  closure=-1.0e-13  29.0s
R= 2.782  Total=  -6.7636  Elec= -13.2270  ExRep=  13.1931  OrbRel=  -4.7448  CorrDisp=  -1.9848  CT(Mull)=+0.0393  CT(IAO)=+0.0695  closure=-1.1e-12  29.4s
R= 2.802  Total=  -6.8300  Elec= -12.7645  ExRep=  12.3025  OrbRel=  -4.4527  CorrDisp=  -1.9154  CT(Mull)=+0.0381  CT(IAO)=+0.0670  closure=-5.0e-13  25.0s
R= 2.812  Total=  -6.8574  Elec= -12.5415  ExRep=  11.8798  OrbRel=  -4.3140  CorrDisp=  -1.8817  CT(Mull)=+0.0376  CT(IAO)=+0.0658  closure=-8.5e-13  28.2s
R= 2.822  Total=  -6.8810  Elec= -12.3240  ExRep=  11.4715  OrbRel=  -4.1799  CorrDisp=  -1.8486  CT(Mull)=+0.0370  CT(IAO)=+0.0646  closure=6.2e-13  29.6s
R= 2.842  Total=  -6.9180  Elec= -11.9042  ExRep=  10.6961  OrbRel=  -3.9253  CorrDisp=  -1.7845  CT(Mull)=+0.0360  CT(IAO)=+0.0623  closure=1.0e-12  28.4s
R= 2.862  Total=  -6.9421  Elec= -11.5041  ExRep=   9.9726  OrbRel=  -3.6875  CorrDisp=  -1.7230  CT(Mull)=+0.0349  CT(IAO)=+0.0601  closure=-5.6e-13  29.2s
R= 2.882  Total=  -6.9544  Elec= -11.1226  ExRep=   9.2975  OrbRel=  -3.4655  CorrDisp=  -1.6638  CT(Mull)=+0.0340  CT(IAO)=+0.0579  closure=6.9e-13  31.0s
R= 2.902  Total=  -6.9560  Elec= -10.7585  ExRep=   8.6677  OrbRel=  -3.2580  CorrDisp=  -1.6070  CT(Mull)=+0.0331  CT(IAO)=+0.0558  closure=-1.8e-14  24.1s
R= 2.912  Total=  -6.9530  Elec= -10.5828  ExRep=   8.3688  OrbRel=  -3.1595  CorrDisp=  -1.5795  CT(Mull)=+0.0327  CT(IAO)=+0.0548  closure=1.0e-12  29.0s
R= 2.922  Total=  -6.9478  Elec= -10.4110  ExRep=   8.0801  OrbRel=  -3.0643  CorrDisp=  -1.5525  CT(Mull)=+0.0323  CT(IAO)=+0.0538  closure=1.2e-12  27.7s
R= 2.942  Total=  -6.9306  Elec= -10.0792  ExRep=   7.5319  OrbRel=  -2.8833  CorrDisp=  -1.5000  CT(Mull)=+0.0314  CT(IAO)=+0.0518  closure=-5.2e-13  30.5s
R= 2.962  Total=  -6.9054  Elec=  -9.7621  ExRep=   7.0205  OrbRel=  -2.7142  CorrDisp=  -1.4496  CT(Mull)=+0.0307  CT(IAO)=+0.0499  closure=-2.9e-13  28.2s
R= 2.982  Total=  -6.8729  Elec=  -9.4590  ExRep=   6.5435  OrbRel=  -2.5562  CorrDisp=  -1.4011  CT(Mull)=+0.0299  CT(IAO)=+0.0481  closure=4.4e-14  27.0s
R= 3.002  Total=  -6.8336  Elec=  -9.1691  ExRep=   6.0985  OrbRel=  -2.4085  CorrDisp=  -1.3545  CT(Mull)=+0.0292  CT(IAO)=+0.0463  closure=4.7e-13  28.3s
R= 3.012  Total=  -6.8117  Elec=  -9.0289  ExRep=   5.8874  OrbRel=  -2.3384  CorrDisp=  -1.3318  CT(Mull)=+0.0289  CT(IAO)=+0.0455  closure=1.9e-13  25.7s
R= 3.022  Total=  -6.7883  Elec=  -8.8917  ExRep=   5.6835  OrbRel=  -2.2705  CorrDisp=  -1.3096  CT(Mull)=+0.0285  CT(IAO)=+0.0446  closure=-6.9e-13  26.7s
R= 3.062  Total=  -6.6820  Elec=  -8.3719  ExRep=   4.9355  OrbRel=  -2.0209  CorrDisp=  -1.2246  CT(Mull)=+0.0272  CT(IAO)=+0.0414  closure=-2.6e-13  28.0s
R= 3.112  Total=  -6.5248  Elec=  -7.7815  ExRep=   4.1361  OrbRel=  -1.7524  CorrDisp=  -1.1269  CT(Mull)=+0.0257  CT(IAO)=+0.0376  closure=1.1e-12  27.8s
R= 3.162  Total=  -6.3469  Elec=  -7.2494  ExRep=   3.4651  OrbRel=  -1.5252  CorrDisp=  -1.0375  CT(Mull)=+0.0243  CT(IAO)=+0.0342  closure=7.7e-13  28.3s
R= 3.212  Total=  -6.1542  Elec=  -6.7683  ExRep=   2.9022  OrbRel=  -1.3325  CorrDisp=  -0.9555  CT(Mull)=+0.0230  CT(IAO)=+0.0311  closure=-5.8e-14  26.8s
R= 3.262  Total=  -5.9513  Elec=  -6.3322  ExRep=   2.4301  OrbRel=  -1.1690  CorrDisp=  -0.8802  CT(Mull)=+0.0217  CT(IAO)=+0.0282  closure=1.1e-13  28.6s
R= 3.312  Total=  -5.7420  Elec=  -5.9356  ExRep=   2.0344  OrbRel=  -1.0300  CorrDisp=  -0.8109  CT(Mull)=+0.0206  CT(IAO)=+0.0256  closure=-1.5e-12  28.5s
R= 3.362  Total=  -5.5296  Elec=  -5.5740  ExRep=   1.7027  OrbRel=  -0.9114  CorrDisp=  -0.7469  CT(Mull)=+0.0194  CT(IAO)=+0.0232  closure=-1.5e-13  27.8s
# wrote /mnt/c/Users/HUAWEI/Desktop/hbond-stretch-eda/results/scan_trimer_base_control_revpbe0-d3bj_tzvp.json
# Force-constant partition: trimer_base_control_revpbe0-d3bj_tzvp

R_min = 2.8945 Å, E_int = -6.957 kcal/mol, k_total = 25.226 kcal/mol/Å² = 17.53 N/m, ω(H2O) = 181.7 cm⁻¹, ω(D2O) = 172.4 cm⁻¹ (mass effect only)

| component | X(R_min) kcal/mol | dX/dR kcal/mol/Å | k_X kcal/mol/Å² | k_X / k_total | cubic kcal/mol/Å³ |
|---|---:|---:|---:|---:|---:|
| Total | -6.957 | -0.002 | 25.226 | +1.000 | -119.23 |
| Elec | -10.886 | 18.076 | -42.180 | -1.672 | 120.71 |
| Exch | -11.790 | 36.275 | -110.709 | -4.389 | 338.55 |
| Rep | 20.677 | -67.440 | 218.765 | +8.672 | -715.35 |
| ExRep | 8.886 | -31.166 | 108.056 | +4.284 | -376.79 |
| OrbRel | -3.330 | 10.265 | -34.986 | -1.387 | 124.21 |
| Corr | -0.713 | 2.073 | -5.516 | -0.219 | 13.33 |
| Disp | -0.914 | 0.750 | -0.147 | -0.006 | -0.69 |
| CorrDisp | -1.627 | 2.823 | -5.664 | -0.225 | 12.63 |
| Steric | 7.259 | -28.343 | 102.392 | +4.059 | -364.16 |

Sum of primary slopes at R_min (should be ~0): -0.0016 kcal/mol/Å
Sum of primary k minus k_total (closure): 2.09e-07 kcal/mol/Å²
Electrons lost by fragment 'chain' (acceptor of the target bond) at R_min: Mulliken {'value_e': 0.033414718349804, 'slope_e_per_A': -0.04451861937724771}, IAO {'value_e': 0.05654016599059037, 'slope_e_per_A': -0.10441998667510599}
Max |closure| over scan: 1.51e-12 Eh
# figure: /mnt/c/Users/HUAWEI/Desktop/hbond-stretch-eda/figures/fc_trimer_base_control_revpbe0-d3bj_tzvp.png
# Thu Sep  3 06:48:51 CST 2026 all done for trimer
