# Thu Sep  3 08:40:20 CST 2026 pair scans for acid: acid
# acid_pair_revpbe0-d3bj_tzvp: set=acid R0=2.6684 moving=acceptor_water ct_label=acceptor_water 31 points, 0 done
R= 2.368  Total=   5.2640  Elec= -25.2462  ExRep=  51.9817  OrbRel= -17.5660  CorrDisp=  -3.9055  CT(Mull)=+0.0716  CT(IAO)=+0.1310  closure=1.4e-12  8.9s
R= 2.418  Total=   2.8352  Elec= -22.4854  ExRep=  43.5456  OrbRel= -14.6914  CorrDisp=  -3.5337  CT(Mull)=+0.0620  CT(IAO)=+0.1200  closure=7.8e-14  12.3s
R= 2.468  Total=   0.9151  Elec= -20.0483  ExRep=  36.4548  OrbRel= -12.3028  CorrDisp=  -3.1886  CT(Mull)=+0.0537  CT(IAO)=+0.1096  closure=-2.2e-13  11.4s
R= 2.508  Total=  -0.3197  Elec= -18.3118  ExRep=  31.6095  OrbRel= -10.6857  CorrDisp=  -2.9316  CT(Mull)=+0.0480  CT(IAO)=+0.1018  closure=-7.1e-13  13.7s
R= 2.518  Total=  -0.5921  Elec= -17.9052  ExRep=  30.5006  OrbRel= -10.3174  CorrDisp=  -2.8701  CT(Mull)=+0.0466  CT(IAO)=+0.0999  closure=1.4e-13  15.3s
R= 2.528  Total=  -0.8511  Elec= -17.5092  ExRep=  29.4301  OrbRel=  -9.9624  CorrDisp=  -2.8096  CT(Mull)=+0.0453  CT(IAO)=+0.0981  closure=-2.5e-13  14.7s
R= 2.548  Total=  -1.3314  Elec= -16.7478  ExRep=  27.3986  OrbRel=  -9.2904  CorrDisp=  -2.6918  CT(Mull)=+0.0429  CT(IAO)=+0.0945  closure=-1.2e-13  12.5s
R= 2.568  Total=  -1.7646  Elec= -16.0257  ExRep=  25.5054  OrbRel=  -8.6661  CorrDisp=  -2.5782  CT(Mull)=+0.0405  CT(IAO)=+0.0909  closure=2.7e-13  14.3s
R= 2.588  Total=  -2.1546  Elec= -15.3409  ExRep=  23.7411  OrbRel=  -8.0860  CorrDisp=  -2.4688  CT(Mull)=+0.0384  CT(IAO)=+0.0875  closure=7.5e-13  14.3s
R= 2.608  Total=  -2.5050  Elec= -14.6918  ExRep=  22.0971  OrbRel=  -7.5469  CorrDisp=  -2.3635  CT(Mull)=+0.0363  CT(IAO)=+0.0842  closure=-8.3e-14  14.3s
R= 2.618  Total=  -2.6664  Elec= -14.3800  ExRep=  21.3178  OrbRel=  -7.2918  CorrDisp=  -2.3124  CT(Mull)=+0.0354  CT(IAO)=+0.0826  closure=4.5e-13  15.7s
R= 2.628  Total=  -2.8191  Elec= -14.0764  ExRep=  20.5655  OrbRel=  -7.0458  CorrDisp=  -2.2624  CT(Mull)=+0.0344  CT(IAO)=+0.0810  closure=1.4e-12  13.0s
R= 2.648  Total=  -3.0997  Elec= -13.4931  ExRep=  19.1386  OrbRel=  -6.5800  CorrDisp=  -2.1653  CT(Mull)=+0.0327  CT(IAO)=+0.0779  closure=9.3e-13  16.0s
R= 2.668  Total=  -3.3498  Elec= -12.9401  ExRep=  17.8095  OrbRel=  -6.1470  CorrDisp=  -2.0722  CT(Mull)=+0.0310  CT(IAO)=+0.0749  closure=-6.8e-13  13.7s
R= 2.688  Total=  -3.5717  Elec= -12.4158  ExRep=  16.5714  OrbRel=  -5.7443  CorrDisp=  -1.9830  CT(Mull)=+0.0295  CT(IAO)=+0.0720  closure=6.1e-13  12.3s
R= 2.708  Total=  -3.7679  Elec= -11.9187  ExRep=  15.4183  OrbRel=  -5.3698  CorrDisp=  -1.8977  CT(Mull)=+0.0280  CT(IAO)=+0.0692  closure=8.3e-13  15.9s
R= 2.718  Total=  -3.8570  Elec= -11.6799  ExRep=  14.8718  OrbRel=  -5.1925  CorrDisp=  -1.8564  CT(Mull)=+0.0273  CT(IAO)=+0.0678  closure=-7.2e-13  13.1s
R= 2.728  Total=  -3.9405  Elec= -11.4473  ExRep=  14.3444  OrbRel=  -5.0215  CorrDisp=  -1.8161  CT(Mull)=+0.0267  CT(IAO)=+0.0665  closure=1.4e-12  14.3s
R= 2.748  Total=  -4.0914  Elec= -11.0001  ExRep=  13.3443  OrbRel=  -4.6975  CorrDisp=  -1.7381  CT(Mull)=+0.0254  CT(IAO)=+0.0639  closure=5.0e-13  13.3s
R= 2.768  Total=  -4.2225  Elec= -10.5758  ExRep=  12.4130  OrbRel=  -4.3961  CorrDisp=  -1.6636  CT(Mull)=+0.0243  CT(IAO)=+0.0614  closure=-5.4e-14  15.1s
R= 2.788  Total=  -4.3355  Elec= -10.1731  ExRep=  11.5458  OrbRel=  -4.1157  CorrDisp=  -1.5925  CT(Mull)=+0.0232  CT(IAO)=+0.0589  closure=-1.2e-12  13.4s
R= 2.808  Total=  -4.4318  Elec=  -9.7907  ExRep=  10.7384  OrbRel=  -3.8548  CorrDisp=  -1.5247  CT(Mull)=+0.0222  CT(IAO)=+0.0566  closure=5.9e-13  14.1s
R= 2.818  Total=  -4.4741  Elec=  -9.6067  ExRep=  10.3558  OrbRel=  -3.7312  CorrDisp=  -1.4920  CT(Mull)=+0.0218  CT(IAO)=+0.0554  closure=5.3e-13  13.6s
R= 2.828  Total=  -4.5128  Elec=  -9.4274  ExRep=   9.9867  OrbRel=  -3.6120  CorrDisp=  -1.4600  CT(Mull)=+0.0213  CT(IAO)=+0.0543  closure=-3.5e-13  14.0s
R= 2.868  Total=  -4.6341  Elec=  -8.7539  ExRep=   8.6352  OrbRel=  -3.1757  CorrDisp=  -1.3397  CT(Mull)=+0.0197  CT(IAO)=+0.0500  closure=3.8e-13  14.1s
R= 2.918  Total=  -4.7205  Elec=  -8.0014  ExRep=   7.1968  OrbRel=  -2.7113  CorrDisp=  -1.2046  CT(Mull)=+0.0180  CT(IAO)=+0.0451  closure=-1.6e-13  12.4s
R= 2.968  Total=  -4.7482  Elec=  -7.3353  ExRep=   5.9947  OrbRel=  -2.3229  CorrDisp=  -1.0847  CT(Mull)=+0.0166  CT(IAO)=+0.0406  closure=6.1e-13  13.6s
R= 3.018  Total=  -4.7291  Elec=  -6.7439  ExRep=   4.9907  OrbRel=  -1.9977  CorrDisp=  -0.9783  CT(Mull)=+0.0154  CT(IAO)=+0.0366  closure=7.5e-13  13.6s
R= 3.068  Total=  -4.6731  Elec=  -6.2171  ExRep=   4.1526  OrbRel=  -1.7252  CorrDisp=  -0.8835  CT(Mull)=+0.0144  CT(IAO)=+0.0329  closure=3.4e-13  14.1s
R= 3.118  Total=  -4.5883  Elec=  -5.7464  ExRep=   3.4535  OrbRel=  -1.4965  CorrDisp=  -0.7990  CT(Mull)=+0.0134  CT(IAO)=+0.0296  closure=-4.3e-13  14.0s
R= 3.168  Total=  -4.4815  Elec=  -5.3247  ExRep=   2.8707  OrbRel=  -1.3042  CorrDisp=  -0.7234  CT(Mull)=+0.0126  CT(IAO)=+0.0266  closure=7.3e-13  12.0s
# wrote /mnt/c/Users/HUAWEI/Desktop/hbond-stretch-eda/results/scan_acid_pair_revpbe0-d3bj_tzvp.json
# Force-constant partition: acid_pair_revpbe0-d3bj_tzvp

R_min = 2.9710 Å, E_int = -4.748 kcal/mol, k_total = 18.407 kcal/mol/Å² = 12.79 N/m, ω(H2O) = 155.3 cm⁻¹, ω(D2O) = 147.2 cm⁻¹ (mass effect only)

| component | X(R_min) kcal/mol | dX/dR kcal/mol/Å | k_X kcal/mol/Å² | k_X / k_total | cubic kcal/mol/Å³ |
|---|---:|---:|---:|---:|---:|
| Total | -4.748 | -0.000 | 18.407 | +1.000 | -87.87 |
| Elec | -7.303 | 12.462 | -29.579 | -1.607 | 87.14 |
| Exch | -8.051 | 25.917 | -82.321 | -4.472 | 261.79 |
| Rep | 13.990 | -47.655 | 160.604 | +8.725 | -544.03 |
| ExRep | 5.939 | -21.738 | 78.283 | +4.253 | -282.24 |
| OrbRel | -2.305 | 7.032 | -24.986 | -1.357 | 93.20 |
| Corr | -0.364 | 1.621 | -5.149 | -0.280 | 14.69 |
| Disp | -0.715 | 0.623 | -0.162 | -0.009 | -0.67 |
| CorrDisp | -1.079 | 2.244 | -5.311 | -0.289 | 14.03 |
| Steric | 4.860 | -19.494 | 72.972 | +3.964 | -268.21 |

Sum of primary slopes at R_min (should be ~0): -0.0003 kcal/mol/Å
Sum of primary k minus k_total (closure): 4.49e-08 kcal/mol/Å²
Electrons lost by fragment 'acceptor_water' (acceptor of the target bond) at R_min: Mulliken {'value_e': 0.016505780557702666, 'slope_e_per_A': -0.02574174795910702}, IAO {'value_e': 0.04042334430807568, 'slope_e_per_A': -0.08474463274868305}
Max |closure| over scan: 1.44e-12 Eh
# figure: /mnt/c/Users/HUAWEI/Desktop/hbond-stretch-eda/figures/fc_acid_pair_revpbe0-d3bj_tzvp.png
# Thu Sep  3 08:47:29 CST 2026 pair scans done for acid
