# Thu Sep  3 06:14:06 CST 2026 pair scans for trimer: acid_control base_control
# trimer_acid_control_pair_revpbe0-d3bj_tzvp: set=acid_control R0=2.8462 moving=acceptor_water ct_label=acceptor_water 31 points, 0 done
R= 2.546  Total=  -1.5775  Elec= -18.4042  ExRep=  28.9902  OrbRel=  -9.3087  CorrDisp=  -2.8548  CT(Mull)=+0.0515  CT(IAO)=+0.0978  closure=-1.4e-12  19.5s
R= 2.596  Total=  -2.6084  Elec= -16.5057  ExRep=  24.3277  OrbRel=  -7.8338  CorrDisp=  -2.5966  CT(Mull)=+0.0459  CT(IAO)=+0.0894  closure=3.8e-13  18.6s
R= 2.646  Total=  -3.3964  Elec= -14.8427  ExRep=  20.4084  OrbRel=  -6.6021  CorrDisp=  -2.3600  CT(Mull)=+0.0411  CT(IAO)=+0.0816  closure=1.1e-13  18.8s
R= 2.686  Total=  -3.8835  Elec= -13.6619  ExRep=  17.7285  OrbRel=  -5.7640  CorrDisp=  -2.1860  CT(Mull)=+0.0378  CT(IAO)=+0.0758  closure=1.3e-13  17.1s
R= 2.696  Total=  -3.9880  Elec= -13.3857  ExRep=  17.1149  OrbRel=  -5.5726  CorrDisp=  -2.1446  CT(Mull)=+0.0371  CT(IAO)=+0.0744  closure=-4.5e-13  21.1s
R= 2.706  Total=  -4.0862  Elec= -13.1166  ExRep=  16.5223  OrbRel=  -5.3878  CorrDisp=  -2.1041  CT(Mull)=+0.0363  CT(IAO)=+0.0731  closure=-5.8e-13  21.3s
R= 2.726  Total=  -4.2646  Elec= -12.5991  ExRep=  15.3973  OrbRel=  -5.0375  CorrDisp=  -2.0254  CT(Mull)=+0.0350  CT(IAO)=+0.0704  closure=4.3e-13  18.4s
R= 2.746  Total=  -4.4207  Elec= -12.1079  ExRep=  14.3482  OrbRel=  -4.7112  CorrDisp=  -1.9498  CT(Mull)=+0.0337  CT(IAO)=+0.0678  closure=4.5e-14  18.8s
R= 2.766  Total=  -4.5564  Elec= -11.6415  ExRep=  13.3698  OrbRel=  -4.4073  CorrDisp=  -1.8774  CT(Mull)=+0.0324  CT(IAO)=+0.0653  closure=-4.1e-15  18.2s
R= 2.786  Total=  -4.6733  Elec= -11.1985  ExRep=  12.4573  OrbRel=  -4.1242  CorrDisp=  -1.8079  CT(Mull)=+0.0313  CT(IAO)=+0.0629  closure=3.7e-13  19.0s
R= 2.796  Total=  -4.7252  Elec= -10.9854  ExRep=  12.0245  OrbRel=  -3.9900  CorrDisp=  -1.7743  CT(Mull)=+0.0308  CT(IAO)=+0.0617  closure=-4.4e-14  19.7s
R= 2.806  Total=  -4.7729  Elec= -10.7776  ExRep=  11.6065  OrbRel=  -3.8604  CorrDisp=  -1.7414  CT(Mull)=+0.0303  CT(IAO)=+0.0606  closure=-6.9e-13  19.3s
R= 2.826  Total=  -4.8567  Elec= -10.3775  ExRep=  10.8131  OrbRel=  -3.6147  CorrDisp=  -1.6776  CT(Mull)=+0.0293  CT(IAO)=+0.0583  closure=-7.0e-14  18.8s
R= 2.846  Total=  -4.9260  Elec=  -9.9971  ExRep=  10.0733  OrbRel=  -3.3858  CorrDisp=  -1.6166  CT(Mull)=+0.0283  CT(IAO)=+0.0561  closure=1.9e-13  19.6s
R= 2.866  Total=  -4.9820  Elec=  -9.6352  ExRep=   9.3836  OrbRel=  -3.1724  CorrDisp=  -1.5581  CT(Mull)=+0.0275  CT(IAO)=+0.0540  closure=-1.7e-13  22.2s
R= 2.886  Total=  -5.0258  Elec=  -9.2907  ExRep=   8.7405  OrbRel=  -2.9736  CorrDisp=  -1.5020  CT(Mull)=+0.0267  CT(IAO)=+0.0520  closure=8.9e-13  18.0s
R= 2.896  Total=  -5.0434  Elec=  -9.1247  ExRep=   8.4355  OrbRel=  -2.8793  CorrDisp=  -1.4749  CT(Mull)=+0.0263  CT(IAO)=+0.0510  closure=2.8e-13  18.1s
R= 2.906  Total=  -5.0584  Elec=  -8.9628  ExRep=   8.1409  OrbRel=  -2.7883  CorrDisp=  -1.4483  CT(Mull)=+0.0259  CT(IAO)=+0.0500  closure=7.1e-13  19.9s
R= 2.926  Total=  -5.0808  Elec=  -8.6504  ExRep=   7.5820  OrbRel=  -2.6156  CorrDisp=  -1.3968  CT(Mull)=+0.0252  CT(IAO)=+0.0482  closure=9.1e-13  17.2s
R= 2.946  Total=  -5.0938  Elec=  -8.3527  ExRep=   7.0610  OrbRel=  -2.4546  CorrDisp=  -1.3475  CT(Mull)=+0.0245  CT(IAO)=+0.0463  closure=-6.6e-13  20.4s
R= 2.966  Total=  -5.0982  Elec=  -8.0688  ExRep=   6.5753  OrbRel=  -2.3045  CorrDisp=  -1.3002  CT(Mull)=+0.0239  CT(IAO)=+0.0446  closure=1.1e-12  18.2s
R= 2.986  Total=  -5.0949  Elec=  -7.7981  ExRep=   6.1226  OrbRel=  -2.1646  CorrDisp=  -1.2548  CT(Mull)=+0.0233  CT(IAO)=+0.0429  closure=8.7e-13  19.2s
R= 2.996  Total=  -5.0905  Elec=  -7.6674  ExRep=   5.9079  OrbRel=  -2.0983  CorrDisp=  -1.2328  CT(Mull)=+0.0230  CT(IAO)=+0.0420  closure=1.2e-12  16.7s
R= 3.006  Total=  -5.0844  Elec=  -7.5397  ExRep=   5.7007  OrbRel=  -2.0342  CorrDisp=  -1.2112  CT(Mull)=+0.0227  CT(IAO)=+0.0412  closure=-4.2e-13  19.0s
R= 3.046  Total=  -5.0446  Elec=  -7.0574  ExRep=   4.9411  OrbRel=  -1.7992  CorrDisp=  -1.1291  CT(Mull)=+0.0216  CT(IAO)=+0.0381  closure=-1.5e-13  16.2s
R= 3.096  Total=  -4.9653  Elec=  -6.5129  ExRep=   4.1308  OrbRel=  -1.5481  CorrDisp=  -1.0352  CT(Mull)=+0.0204  CT(IAO)=+0.0346  closure=4.5e-13  19.3s
R= 3.146  Total=  -4.8601  Elec=  -6.0254  ExRep=   3.4521  OrbRel=  -1.3369  CorrDisp=  -0.9499  CT(Mull)=+0.0192  CT(IAO)=+0.0313  closure=9.0e-13  18.5s
R= 3.196  Total=  -4.7353  Elec=  -5.5878  ExRep=   2.8839  OrbRel=  -1.1593  CorrDisp=  -0.8721  CT(Mull)=+0.0182  CT(IAO)=+0.0284  closure=5.2e-13  18.0s
R= 3.246  Total=  -4.5959  Elec=  -5.1937  ExRep=   2.4084  OrbRel=  -1.0097  CorrDisp=  -0.8009  CT(Mull)=+0.0172  CT(IAO)=+0.0257  closure=-2.7e-13  16.6s
R= 3.296  Total=  -4.4464  Elec=  -4.8379  ExRep=   2.0107  OrbRel=  -0.8834  CorrDisp=  -0.7357  CT(Mull)=+0.0162  CT(IAO)=+0.0232  closure=1.8e-13  18.3s
R= 3.346  Total=  -4.2901  Elec=  -4.5157  ExRep=   1.6782  OrbRel=  -0.7767  CorrDisp=  -0.6759  CT(Mull)=+0.0153  CT(IAO)=+0.0210  closure=-1.2e-13  17.2s
# wrote /mnt/c/Users/HUAWEI/Desktop/hbond-stretch-eda/results/scan_trimer_acid_control_pair_revpbe0-d3bj_tzvp.json
# Force-constant partition: trimer_acid_control_pair_revpbe0-d3bj_tzvp

R_min = 2.9673 Å, E_int = -5.098 kcal/mol, k_total = 19.393 kcal/mol/Å² = 13.47 N/m, ω(H2O) = 159.4 cm⁻¹, ω(D2O) = 151.1 cm⁻¹ (mass effect only)

| component | X(R_min) kcal/mol | dX/dR kcal/mol/Å | k_X kcal/mol/Å² | k_X / k_total | cubic kcal/mol/Å³ |
|---|---:|---:|---:|---:|---:|
| Total | -5.098 | 0.000 | 19.393 | +1.000 | -90.91 |
| Elec | -8.054 | 13.823 | -32.621 | -1.682 | 93.80 |
| Exch | -8.795 | 27.574 | -85.591 | -4.414 | 266.45 |
| Rep | 15.346 | -50.925 | 167.691 | +8.647 | -555.00 |
| ExRep | 6.551 | -23.351 | 82.100 | +4.233 | -288.56 |
| OrbRel | -2.297 | 7.215 | -25.301 | -1.305 | 91.52 |
| Corr | -0.524 | 1.663 | -4.675 | -0.241 | 13.00 |
| Disp | -0.774 | 0.649 | -0.110 | -0.006 | -0.67 |
| CorrDisp | -1.298 | 2.312 | -4.785 | -0.247 | 12.33 |
| Steric | 5.253 | -21.038 | 77.315 | +3.987 | -276.23 |

Sum of primary slopes at R_min (should be ~0): 0.0000 kcal/mol/Å
Sum of primary k minus k_total (closure): 1.16e-07 kcal/mol/Å²
Electrons lost by fragment 'acceptor_water' (acceptor of the target bond) at R_min: Mulliken {'value_e': 0.023839262642822684, 'slope_e_per_A': -0.03100747417462002}, IAO {'value_e': 0.04447964567388677, 'slope_e_per_A': -0.08618967002795291}
Max |closure| over scan: 1.35e-12 Eh
# figure: /mnt/c/Users/HUAWEI/Desktop/hbond-stretch-eda/figures/fc_trimer_acid_control_pair_revpbe0-d3bj_tzvp.png
# trimer_base_control_pair_revpbe0-d3bj_tzvp: set=base_control R0=2.8616 moving=donor_water ct_label=acceptor_water 31 points, 0 done
R= 2.562  Total=  -1.8512  Elec= -17.8144  ExRep=  27.6026  OrbRel=  -8.8885  CorrDisp=  -2.7510  CT(Mull)=+0.0493  CT(IAO)=+0.0954  closure=6.7e-13  18.7s
R= 2.612  Total=  -2.8167  Elec= -15.9885  ExRep=  23.1556  OrbRel=  -7.4856  CorrDisp=  -2.4982  CT(Mull)=+0.0439  CT(IAO)=+0.0872  closure=-4.4e-13  18.4s
R= 2.662  Total=  -3.5524  Elec= -14.3898  ExRep=  19.4184  OrbRel=  -6.3138  CorrDisp=  -2.2672  CT(Mull)=+0.0394  CT(IAO)=+0.0795  closure=6.1e-13  17.4s
R= 2.702  Total=  -4.0053  Elec= -13.2548  ExRep=  16.8638  OrbRel=  -5.5164  CorrDisp=  -2.0979  CT(Mull)=+0.0363  CT(IAO)=+0.0738  closure=-7.9e-14  18.3s
R= 2.712  Total=  -4.1022  Elec= -12.9893  ExRep=  16.2789  OrbRel=  -5.3342  CorrDisp=  -2.0577  CT(Mull)=+0.0356  CT(IAO)=+0.0725  closure=9.9e-13  17.2s
R= 2.722  Total=  -4.1931  Elec= -12.7306  ExRep=  15.7141  OrbRel=  -5.1584  CorrDisp=  -2.0182  CT(Mull)=+0.0349  CT(IAO)=+0.0711  closure=-9.0e-13  19.6s
R= 2.742  Total=  -4.3579  Elec= -12.2332  ExRep=  14.6420  OrbRel=  -4.8250  CorrDisp=  -1.9418  CT(Mull)=+0.0335  CT(IAO)=+0.0685  closure=-4.2e-13  17.1s
R= 2.762  Total=  -4.5017  Elec= -11.7610  ExRep=  13.6422  OrbRel=  -4.5145  CorrDisp=  -1.8685  CT(Mull)=+0.0323  CT(IAO)=+0.0660  closure=-1.2e-13  18.7s
R= 2.782  Total=  -4.6260  Elec= -11.3126  ExRep=  12.7100  OrbRel=  -4.2252  CorrDisp=  -1.7982  CT(Mull)=+0.0311  CT(IAO)=+0.0635  closure=7.2e-13  18.2s
R= 2.802  Total=  -4.7326  Elec= -10.8866  ExRep=  11.8407  OrbRel=  -3.9558  CorrDisp=  -1.7309  CT(Mull)=+0.0301  CT(IAO)=+0.0612  closure=7.0e-13  16.7s
R= 2.812  Total=  -4.7797  Elec= -10.6817  ExRep=  11.4284  OrbRel=  -3.8281  CorrDisp=  -1.6983  CT(Mull)=+0.0295  CT(IAO)=+0.0600  closure=3.4e-13  17.9s
R= 2.822  Total=  -4.8229  Elec= -10.4819  ExRep=  11.0302  OrbRel=  -3.7048  CorrDisp=  -1.6664  CT(Mull)=+0.0291  CT(IAO)=+0.0589  closure=-1.1e-12  16.5s
R= 2.842  Total=  -4.8981  Elec= -10.0971  ExRep=  10.2745  OrbRel=  -3.4708  CorrDisp=  -1.6047  CT(Mull)=+0.0281  CT(IAO)=+0.0567  closure=7.1e-13  18.4s
R= 2.862  Total=  -4.9596  Elec=  -9.7312  ExRep=   9.5700  OrbRel=  -3.2529  CorrDisp=  -1.5456  CT(Mull)=+0.0272  CT(IAO)=+0.0546  closure=5.0e-13  16.6s
R= 2.882  Total=  -5.0085  Elec=  -9.3830  ExRep=   8.9132  OrbRel=  -3.0498  CorrDisp=  -1.4890  CT(Mull)=+0.0264  CT(IAO)=+0.0525  closure=-3.9e-15  17.7s
R= 2.902  Total=  -5.0459  Elec=  -9.0515  ExRep=   8.3009  OrbRel=  -2.8605  CorrDisp=  -1.4348  CT(Mull)=+0.0256  CT(IAO)=+0.0505  closure=-1.5e-13  16.6s
R= 2.912  Total=  -5.0605  Elec=  -8.8918  ExRep=   8.0105  OrbRel=  -2.7707  CorrDisp=  -1.4085  CT(Mull)=+0.0253  CT(IAO)=+0.0495  closure=5.6e-14  17.4s
R= 2.922  Total=  -5.0727  Elec=  -8.7359  ExRep=   7.7301  OrbRel=  -2.6840  CorrDisp=  -1.3829  CT(Mull)=+0.0249  CT(IAO)=+0.0486  closure=4.7e-13  16.9s
R= 2.942  Total=  -5.0897  Elec=  -8.4351  ExRep=   7.1981  OrbRel=  -2.5196  CorrDisp=  -1.3331  CT(Mull)=+0.0242  CT(IAO)=+0.0467  closure=-2.6e-13  17.9s
R= 2.962  Total=  -5.0980  Elec=  -8.1484  ExRep=   6.7022  OrbRel=  -2.3663  CorrDisp=  -1.2854  CT(Mull)=+0.0236  CT(IAO)=+0.0450  closure=1.8e-12  16.1s
R= 2.982  Total=  -5.0981  Elec=  -7.8750  ExRep=   6.2400  OrbRel=  -2.2234  CorrDisp=  -1.2397  CT(Mull)=+0.0229  CT(IAO)=+0.0432  closure=4.3e-13  18.8s
R= 3.002  Total=  -5.0908  Elec=  -7.6142  ExRep=   5.8093  OrbRel=  -2.0902  CorrDisp=  -1.1958  CT(Mull)=+0.0224  CT(IAO)=+0.0416  closure=-9.4e-13  16.9s
R= 3.012  Total=  -5.0846  Elec=  -7.4883  ExRep=   5.6051  OrbRel=  -2.0270  CorrDisp=  -1.1745  CT(Mull)=+0.0221  CT(IAO)=+0.0408  closure=6.3e-13  17.5s
R= 3.022  Total=  -5.0768  Elec=  -7.3652  ExRep=   5.4080  OrbRel=  -1.9659  CorrDisp=  -1.1537  CT(Mull)=+0.0218  CT(IAO)=+0.0400  closure=-1.1e-12  16.5s
R= 3.062  Total=  -5.0311  Elec=  -6.9003  ExRep=   4.6856  OrbRel=  -1.7420  CorrDisp=  -1.0744  CT(Mull)=+0.0207  CT(IAO)=+0.0370  closure=-2.0e-13  16.0s
R= 3.112  Total=  -4.9460  Elec=  -6.3750  ExRep=   3.9153  OrbRel=  -1.5026  CorrDisp=  -0.9836  CT(Mull)=+0.0195  CT(IAO)=+0.0335  closure=3.8e-13  18.0s
R= 3.162  Total=  -4.8366  Elec=  -5.9044  ExRep=   3.2704  OrbRel=  -1.3013  CorrDisp=  -0.9012  CT(Mull)=+0.0184  CT(IAO)=+0.0303  closure=1.4e-12  18.5s
R= 3.212  Total=  -4.7088  Elec=  -5.4816  ExRep=   2.7307  OrbRel=  -1.1318  CorrDisp=  -0.8260  CT(Mull)=+0.0174  CT(IAO)=+0.0274  closure=3.3e-13  19.1s
R= 3.262  Total=  -4.5676  Elec=  -5.1006  ExRep=   2.2793  OrbRel=  -0.9889  CorrDisp=  -0.7574  CT(Mull)=+0.0164  CT(IAO)=+0.0248  closure=1.9e-13  17.2s
R= 3.312  Total=  -4.4170  Elec=  -4.7563  ExRep=   1.9020  OrbRel=  -0.8681  CorrDisp=  -0.6945  CT(Mull)=+0.0155  CT(IAO)=+0.0224  closure=-1.1e-13  16.6s
R= 3.362  Total=  -4.2605  Elec=  -4.4443  ExRep=   1.5867  OrbRel=  -0.7660  CorrDisp=  -0.6369  CT(Mull)=+0.0146  CT(IAO)=+0.0202  closure=-3.6e-13  18.1s
# wrote /mnt/c/Users/HUAWEI/Desktop/hbond-stretch-eda/results/scan_trimer_base_control_pair_revpbe0-d3bj_tzvp.json
# Force-constant partition: trimer_base_control_pair_revpbe0-d3bj_tzvp

R_min = 2.9718 Å, E_int = -5.099 kcal/mol, k_total = 19.278 kcal/mol/Å² = 13.39 N/m, ω(H2O) = 158.9 cm⁻¹, ω(D2O) = 150.7 cm⁻¹ (mass effect only)

| component | X(R_min) kcal/mol | dX/dR kcal/mol/Å | k_X kcal/mol/Å² | k_X / k_total | cubic kcal/mol/Å³ |
|---|---:|---:|---:|---:|---:|
| Total | -5.099 | 0.000 | 19.278 | +1.000 | -90.37 |
| Elec | -8.008 | 13.661 | -32.239 | -1.672 | 93.16 |
| Exch | -8.703 | 27.322 | -84.879 | -4.403 | 264.77 |
| Rep | 15.166 | -50.408 | 166.175 | +8.620 | -551.40 |
| ExRep | 6.463 | -23.085 | 81.296 | +4.217 | -286.63 |
| OrbRel | -2.292 | 7.138 | -25.011 | -1.297 | 90.76 |
| Corr | -0.495 | 1.637 | -4.650 | -0.241 | 13.04 |
| Disp | -0.767 | 0.649 | -0.118 | -0.006 | -0.68 |
| CorrDisp | -1.262 | 2.286 | -4.768 | -0.247 | 12.35 |
| Steric | 5.201 | -20.800 | 76.528 | +3.970 | -274.28 |

Sum of primary slopes at R_min (should be ~0): 0.0000 kcal/mol/Å
Sum of primary k minus k_total (closure): 4.49e-08 kcal/mol/Å²
Electrons lost by fragment 'acceptor_water' (acceptor of the target bond) at R_min: Mulliken {'value_e': 0.023234741223285033, 'slope_e_per_A': -0.03077460096723521}, IAO {'value_e': 0.044081971833957734, 'slope_e_per_A': -0.08591839089791649}
Max |closure| over scan: 1.84e-12 Eh
# figure: /mnt/c/Users/HUAWEI/Desktop/hbond-stretch-eda/figures/fc_trimer_base_control_pair_revpbe0-d3bj_tzvp.png
# Thu Sep  3 06:33:09 CST 2026 pair scans done for trimer
